
icetime topological timing analysis report
==========================================

Info: max_span_hack is enabled: estimate is conservative.

Report for critical path:
-------------------------

        lc40_1_29_1 (LogicCell40) [clk] -> lcout: 1.491 ns
     1.491 ns net_6054 (reset_cnt[1])
        t4812 (LocalMux) I -> O: 1.099 ns
        inmux_1_30_11027_11051 (InMux) I -> O: 0.662 ns
        lc40_1_30_0 (LogicCell40) in0 -> lcout: 1.285 ns
     4.537 ns net_6280 (resetn_SB_LUT4_O_I3[3])
        t5029 (LocalMux) I -> O: 1.099 ns
        inmux_1_29_10879_10946 (InMux) I -> O: 0.662 ns
        lc40_1_29_7 (LogicCell40) in0 -> lcout: 1.285 ns
     7.583 ns net_6060 (iomem_ready_SB_LUT4_I3_O_SB_LUT4_I1_O[1])
        odrv_1_29_6060_6366 (Odrv4) I -> O: 0.649 ns
        t4863 (Span4Mux_v4) I -> O: 0.649 ns
        t4862 (Span4Mux_h4) I -> O: 0.543 ns
        t4895 (Span4Mux_h4) I -> O: 0.543 ns
        t4894 (Span4Mux_h4) I -> O: 0.543 ns
        t4893 (Span4Mux_h4) I -> O: 0.543 ns
        t4892 (LocalMux) I -> O: 1.099 ns
        inmux_16_25_67264_67304 (InMux) I -> O: 0.662 ns
        lc40_16_25_1 (LogicCell40) in1 -> lcout: 1.232 ns
    14.047 ns net_63393 (soc.cpu_mem_la_read)
        t18727 (LocalMux) I -> O: 1.099 ns
        inmux_16_25_67265_67317 (InMux) I -> O: 0.662 ns
        t2999 (CascadeMux) I -> O: 0.000 ns
        lc40_16_25_3 (LogicCell40) in2 -> lcout: 1.205 ns
    17.013 ns net_63395 (soc.gen_dmem_lookahead.dmem_lookahead_buffer_inst.la_valid_SB_DFFSR_Q_D_SB_LUT4_O_I0[3])
        t18728 (LocalMux) I -> O: 1.099 ns
        inmux_16_24_67144_67211 (InMux) I -> O: 0.662 ns
        lc40_16_24_6 (LogicCell40) in1 -> lcout: 1.232 ns
    20.007 ns net_63275 (soc.gen_dmem_lookahead.dmem_lookahead_buffer_inst.la_valid_SB_DFFSR_Q_D[0])
        odrv_16_24_63275_67002 (Odrv4) I -> O: 0.649 ns
        t18711 (Span4Mux_v4) I -> O: 0.649 ns
        t18710 (Span4Mux_v4) I -> O: 0.649 ns
        t18709 (LocalMux) I -> O: 1.099 ns
        inmux_17_14_69771_69806 (InMux) I -> O: 0.662 ns
        lc40_17_14_5 (LogicCell40) in1 -> lcout: 1.232 ns
    24.947 ns net_65875 (soc.gen_dmem_lookahead.dmem_lookahead_buffer_inst.la_valid_SB_DFFSR_Q_D_SB_LUT4_I1_O[2])
        odrv_17_14_65875_65659 (Odrv4) I -> O: 0.649 ns
        t19348 (LocalMux) I -> O: 1.099 ns
        inmux_17_12_69522_69571 (InMux) I -> O: 0.662 ns
        lc40_17_12_7 (LogicCell40) in0 -> lcout: 1.285 ns
    28.642 ns net_65631 (soc.ram_ready_SB_LUT4_I0_O[3])
        t19255 (LocalMux) I -> O: 1.099 ns
        inmux_18_11_73227_73269 (InMux) I -> O: 0.662 ns
        t3203 (CascadeMux) I -> O: 0.000 ns
        lc40_18_11_5 (LogicCell40) in2 -> lcout: 1.205 ns
    31.609 ns net_69337 (flash_clk_SB_LUT4_I1_O_SB_LUT4_I2_O[2])
        odrv_18_11_69337_65640 (Odrv4) I -> O: 0.649 ns
        t20229 (Span4Mux_v4) I -> O: 0.649 ns
        t20228 (LocalMux) I -> O: 1.099 ns
        inmux_20_10_80127_80145 (InMux) I -> O: 0.662 ns
        lc40_20_10_0 (LogicCell40) in0 -> lcout: 1.285 ns
    35.953 ns net_76651 (soc.gen_icache.icache_inst.miss_rdata_SB_DFFESR_Q_27_D[3])
        odrv_20_10_76651_76714 (Odrv4) I -> O: 0.649 ns
        t21069 (Span4Mux_v4) I -> O: 0.649 ns
        t21068 (Span4Mux_v4) I -> O: 0.649 ns
        t21067 (LocalMux) I -> O: 1.099 ns
        inmux_20_20_81342_81382 (InMux) I -> O: 0.662 ns
        lc40_20_20_1 (LogicCell40) in1 -> lcout: 1.232 ns
    40.893 ns net_77672 (soc.gen_icache.icache_inst.data_array.0.2_RDATA_1_SB_LUT4_I0_O[3])
        odrv_20_20_77672_74407 (Odrv4) I -> O: 0.649 ns
        t21307 (Span4Mux_v4) I -> O: 0.649 ns
        t21306 (LocalMux) I -> O: 1.099 ns
        inmux_18_23_74681_74755 (InMux) I -> O: 0.662 ns
        lc40_18_23_7 (LogicCell40) in0 -> lcout: 1.285 ns
    45.237 ns net_70815 (soc.cpu.mem_rdata_q_SB_DFFE_Q_25_D_SB_LUT4_I3_O[2])
        t20511 (LocalMux) I -> O: 1.099 ns
        inmux_17_24_70987_71036 (InMux) I -> O: 0.662 ns
        lc40_17_24_5 (LogicCell40) in1 -> lcout: 1.232 ns
    48.231 ns net_67105 (soc.gen_icache.icache_inst.data_array.0.12_RDATA_SB_LUT4_I0_O_SB_LUT4_I0_O_SB_LUT4_I2_O[1])
        odrv_17_24_67105_71085 (Odrv4) I -> O: 0.649 ns
        t19739 (LocalMux) I -> O: 1.099 ns
        inmux_17_26_71245_71294 (InMux) I -> O: 0.662 ns
        lc40_17_26_7 (LogicCell40) in1 -> lcout: 1.232 ns
    51.873 ns net_67353 (soc.cpu.instr_waitirq_SB_DFFE_Q_D_SB_LUT4_O_I1[3])
        t19821 (LocalMux) I -> O: 1.099 ns
        inmux_16_27_67525_67562 (InMux) I -> O: 0.662 ns
        lc40_16_27_3 (LogicCell40) in1 -> lcout: 1.232 ns
    54.866 ns net_63641 (soc.cpu.cpuregs.regs.1.0_RADDR_1_SB_LUT4_O_I2[1])
        t18866 (LocalMux) I -> O: 1.099 ns
        inmux_15_27_63706_63750 (InMux) I -> O: 0.662 ns
        t2859 (CascadeMux) I -> O: 0.000 ns
        lc40_15_27_6 (LogicCell40) in2 -> lcout: 1.205 ns
    57.833 ns net_59814 (soc.cpu.cpuregs.regs.1.0_RADDR_1)
        odrv_15_27_59814_59944 (Odrv4) I -> O: 0.649 ns
        t17939 (Span4Mux_h4) I -> O: 0.543 ns
        t17938 (Span4Mux_h4) I -> O: 0.543 ns
        t17937 (Span4Mux_v4) I -> O: 0.649 ns
        t17936 (LocalMux) I -> O: 1.099 ns
        inmux_6_25_29105_29132 (InMux) I -> O: 0.662 ns
        t1056 (CascadeMux) I -> O: 0.000 ns
    61.979 ns net_29132_cascademuxed
        ram_6_25 (SB_RAM40_4K) RADDR[2] [setup]: 0.384 ns
    62.363 ns net_25721 (soc.cpu.cpuregs.regs.1.0_RDATA_6[3])

Resolvable net names on path:
     1.491 ns ..  3.252 ns reset_cnt[1]
     4.537 ns ..  6.298 ns resetn_SB_LUT4_O_I3[3]
     7.583 ns .. 12.815 ns iomem_ready_SB_LUT4_I3_O_SB_LUT4_I1_O[1]
    14.047 ns .. 15.808 ns soc.cpu_mem_la_read
    17.013 ns .. 18.775 ns soc.gen_dmem_lookahead.dmem_lookahead_buffer_inst.la_valid_SB_DFFSR_Q_D_SB_LUT4_O_I0[3]
    20.007 ns .. 23.715 ns soc.gen_dmem_lookahead.dmem_lookahead_buffer_inst.la_valid_SB_DFFSR_Q_D[0]
    24.947 ns .. 27.357 ns soc.gen_dmem_lookahead.dmem_lookahead_buffer_inst.la_valid_SB_DFFSR_Q_D_SB_LUT4_I1_O[2]
    28.642 ns .. 30.404 ns soc.ram_ready_SB_LUT4_I0_O[3]
    31.609 ns .. 34.668 ns flash_clk_SB_LUT4_I1_O_SB_LUT4_I2_O[2]
    35.953 ns .. 39.661 ns soc.gen_icache.icache_inst.miss_rdata_SB_DFFESR_Q_27_D[3]
    40.893 ns .. 43.953 ns soc.gen_icache.icache_inst.data_array.0.2_RDATA_1_SB_LUT4_I0_O[3]
    45.237 ns .. 46.999 ns soc.cpu.mem_rdata_q_SB_DFFE_Q_25_D_SB_LUT4_I3_O[2]
    48.231 ns .. 50.641 ns soc.gen_icache.icache_inst.data_array.0.12_RDATA_SB_LUT4_I0_O_SB_LUT4_I0_O_SB_LUT4_I2_O[1]
    51.873 ns .. 53.634 ns soc.cpu.instr_waitirq_SB_DFFE_Q_D_SB_LUT4_O_I1[3]
    54.866 ns .. 56.628 ns soc.cpu.cpuregs.regs.1.0_RADDR_1_SB_LUT4_O_I2[1]
    57.833 ns .. 61.979 ns soc.cpu.cpuregs.regs.1.0_RADDR_1
               RDATA[0] -> soc.cpu.cpuregs.regs.1.0_RDATA_15[3]
              RDATA[10] -> soc.cpu.cpuregs.regs.1.0_RDATA_5[3]
              RDATA[11] -> soc.cpu.cpuregs.regs.1.0_RDATA_4[3]
              RDATA[12] -> soc.cpu.cpuregs.regs.1.0_RDATA_3[3]
              RDATA[13] -> soc.cpu.cpuregs.regs.1.0_RDATA_2[3]
              RDATA[14] -> soc.cpu.cpuregs.regs.1.0_RDATA_1[3]
              RDATA[15] -> soc.cpu.cpuregs.regs.1.0_RDATA[3]
               RDATA[1] -> soc.cpu.cpuregs.regs.1.0_RDATA_14[3]
               RDATA[2] -> soc.cpu.cpuregs.regs.1.0_RDATA_13[3]
               RDATA[3] -> soc.cpu.cpuregs.regs.1.0_RDATA_12[3]
               RDATA[4] -> soc.cpu.cpuregs.regs.1.0_RDATA_11[3]
               RDATA[5] -> soc.cpu.cpuregs.regs.1.0_RDATA_10[3]
               RDATA[6] -> soc.cpu.cpuregs.regs.1.0_RDATA_9[3]
               RDATA[7] -> soc.cpu.cpuregs.regs.1.0_RDATA_8[3]
               RDATA[8] -> soc.cpu.cpuregs.regs.1.0_RDATA_7[3]
               RDATA[9] -> soc.cpu.cpuregs.regs.1.0_RDATA_6[3]

Total number of logic levels: 16
Total path delay: 62.36 ns (16.04 MHz)

