
icetime topological timing analysis report
==========================================

Info: max_span_hack is enabled: estimate is conservative.

Report for critical path:
-------------------------

        lc40_23_17_4 (LogicCell40) [clk] -> lcout: 1.491 ns
     1.491 ns net_88598 (iomem_addr[6])
        odrv_23_17_88598_92570 (Odrv4) I -> O: 0.649 ns
        t25177 (Span4Mux_v4) I -> O: 0.649 ns
        t25176 (Span4Mux_v4) I -> O: 0.649 ns
        t25175 (LocalMux) I -> O: 1.099 ns
        inmux_22_25_89631_89694 (InMux) I -> O: 0.662 ns
        lc40_22_25_7 (LogicCell40) in0 -> lcout: 1.285 ns
     6.484 ns net_85754 (soc.gen_icache.icache_inst.valid_array_SB_DFFESR_Q_7_D_SB_LUT4_O_I3_SB_LUT4_O_I3[2])
        t24356 (LocalMux) I -> O: 1.099 ns
        inmux_21_24_85688_85704 (InMux) I -> O: 0.662 ns
        lc40_21_24_1 (LogicCell40) in0 -> lcout: 1.285 ns
     9.530 ns net_81794 (iomem_ready_SB_LUT4_I2_I3[0])
        odrv_21_24_81794_81574 (Odrv4) I -> O: 0.649 ns
        t23269 (Span4Mux_v4) I -> O: 0.649 ns
        t23268 (LocalMux) I -> O: 1.099 ns
        inmux_20_17_80997_81021 (InMux) I -> O: 0.662 ns
        lc40_20_17_2 (LogicCell40) in3 -> lcout: 0.874 ns
    13.464 ns net_77367 (soc.memory.addr_SB_LUT4_O_7_I1[3])
        t21722 (LocalMux) I -> O: 1.099 ns
        inmux_21_16_84707_84722 (InMux) I -> O: 0.662 ns
        t3774 (CascadeMux) I -> O: 0.000 ns
        lc40_21_16_1 (LogicCell40) in2 -> lcout: 1.205 ns
    16.431 ns net_80810 (soc.gen_icache.icache_inst.fill_offset_SB_LUT4_I3_O[2])
        odrv_21_16_80810_80590 (Odrv4) I -> O: 0.649 ns
        t22661 (Span4Mux_v4) I -> O: 0.649 ns
        t22660 (LocalMux) I -> O: 1.099 ns
        inmux_21_10_83961_84000 (InMux) I -> O: 0.662 ns
        lc40_21_10_4 (LogicCell40) in0 -> lcout: 1.285 ns
    20.775 ns net_80075 (soc.simpleuart.send_dummy_SB_LUT4_I2_1_O[1])
        t22436 (LocalMux) I -> O: 1.099 ns
        inmux_21_9_83832_83890 (InMux) I -> O: 0.662 ns
        lc40_21_9_6 (LogicCell40) in1 -> lcout: 1.232 ns
    23.768 ns net_79954 (iomem_ready_SB_LUT4_I1_O[3])
        odrv_21_9_79954_83175 (Odrv12) I -> O: 1.232 ns
        t22407 (LocalMux) I -> O: 1.099 ns
        inmux_21_15_84582_84621 (InMux) I -> O: 0.662 ns
        lc40_21_15_5 (LogicCell40) in0 -> lcout: 1.285 ns
    28.046 ns net_80691 (soc.cpu.mem_instr_SB_LUT4_I1_O_SB_LUT4_I1_I2[2])
        t22601 (LocalMux) I -> O: 1.099 ns
        inmux_21_16_84686_84715 (InMux) I -> O: 0.662 ns
        lc40_21_16_0 (LogicCell40) in1 -> lcout: 1.232 ns
    31.039 ns net_80809 (soc.cpu.mem_instr_SB_LUT4_I1_O_SB_LUT4_I1_O[2])
        odrv_21_16_80809_80951 (Odrv4) I -> O: 0.649 ns
        t22656 (Span4Mux_v4) I -> O: 0.649 ns
        t22655 (Span4Mux_v4) I -> O: 0.649 ns
        t22654 (Span4Mux_h4) I -> O: 0.543 ns
        t22653 (LocalMux) I -> O: 1.099 ns
        inmux_17_24_70976_71031 (InMux) I -> O: 0.662 ns
        t3141 (CascadeMux) I -> O: 0.000 ns
        lc40_17_24_4 (LogicCell40) in2 -> lcout: 1.205 ns
    36.496 ns net_67104 (soc.cpu.decoded_imm_j_SB_DFFE_Q_10_D[1])
        t19930 (LocalMux) I -> O: 1.099 ns
        inmux_16_25_67276_67317 (InMux) I -> O: 0.662 ns
        t3005 (CascadeMux) I -> O: 0.000 ns
        lc40_16_25_3 (LogicCell40) in2 -> lcout: 1.205 ns
    39.463 ns net_63395 (soc.cpu.mem_la_read_SB_LUT4_O_I2_SB_LUT4_I3_1_O_SB_LUT4_O_I3[2])
        odrv_16_25_63395_55872 (Odrv4) I -> O: 0.649 ns
        t18969 (Span4Mux_h4) I -> O: 0.543 ns
        t18968 (Span4Mux_v4) I -> O: 0.649 ns
        t18967 (LocalMux) I -> O: 1.099 ns
        inmux_9_27_40711_40749 (InMux) I -> O: 0.662 ns
        lc40_9_27_3 (LogicCell40) in3 -> lcout: 0.874 ns
    43.939 ns net_36826 (resetn_SB_LUT4_O_I3_SB_LUT4_I3_O_SB_LUT4_O_1_I3[1])
        t11954 (LocalMux) I -> O: 1.099 ns
        inmux_8_28_36998_37046 (InMux) I -> O: 0.662 ns
        t1478 (CascadeMux) I -> O: 0.000 ns
        lc40_8_28_4 (LogicCell40) in2 -> lcout: 1.205 ns
    46.906 ns net_33119 (resetn_SB_LUT4_O_I3_SB_LUT4_I3_O[0])
        t10766 (LocalMux) I -> O: 1.099 ns
        inmux_7_28_33184_33233 (InMux) I -> O: 0.662 ns
        t1249 (CascadeMux) I -> O: 0.000 ns
        lc40_7_28_7 (LogicCell40) in2 -> lcout: 1.205 ns
    49.873 ns net_29324 (soc.cpu.instr_sll_SB_LUT4_I2_O_SB_LUT4_I2_O[2])
        odrv_7_28_29324_29271 (Odrv4) I -> O: 0.649 ns
        t9891 (Span4Mux_v4) I -> O: 0.649 ns
        t9890 (Span4Mux_h4) I -> O: 0.543 ns
        t9889 (Span4Mux_v4) I -> O: 0.649 ns
        t9888 (LocalMux) I -> O: 1.099 ns
        inmux_3_20_17484_17537 (InMux) I -> O: 0.662 ns
        lc40_3_20_4 (LogicCell40) in1 -> lcout: 1.232 ns
    55.356 ns net_13611 (soc.cpu.latched_is_lh_SB_DFFESR_Q_E_SB_LUT4_O_I3_SB_LUT4_I3_O[1])
        odrv_3_20_13611_13394 (Odrv4) I -> O: 0.649 ns
        t6650 (Span4Mux_v4) I -> O: 0.649 ns
        t6649 (Span4Mux_v4) I -> O: 0.649 ns
        t6648 (Span4Mux_h4) I -> O: 0.543 ns
        t6647 (Span4Mux_h4) I -> O: 0.543 ns
        t6646 (Span4Mux_v4) I -> O: 0.649 ns
        t6645 (LocalMux) I -> O: 1.099 ns
        inmux_10_5_41847_41899 (CEMux) I -> O: 0.702 ns
    60.840 ns net_41899 (soc.cpu.latched_is_lh_SB_DFFESR_Q_E_SB_LUT4_O_I3_SB_LUT4_I3_O[1])
        lc40_10_5_6 (LogicCell40) ce [setup]: 0.000 ns
    60.840 ns net_37954 (soc.cpu.pcpi_rs1[6])

Resolvable net names on path:
     1.491 ns ..  5.199 ns iomem_addr[6]
     6.484 ns ..  8.245 ns soc.gen_icache.icache_inst.valid_array_SB_DFFESR_Q_7_D_SB_LUT4_O_I3_SB_LUT4_O_I3[2]
     9.530 ns .. 12.590 ns iomem_ready_SB_LUT4_I2_I3[0]
    13.464 ns .. 15.225 ns soc.memory.addr_SB_LUT4_O_7_I1[3]
    16.431 ns .. 19.490 ns soc.gen_icache.icache_inst.fill_offset_SB_LUT4_I3_O[2]
    20.775 ns .. 22.536 ns soc.simpleuart.send_dummy_SB_LUT4_I2_1_O[1]
    23.768 ns .. 26.761 ns iomem_ready_SB_LUT4_I1_O[3]
    28.046 ns .. 29.808 ns soc.cpu.mem_instr_SB_LUT4_I1_O_SB_LUT4_I1_I2[2]
    31.039 ns .. 35.291 ns soc.cpu.mem_instr_SB_LUT4_I1_O_SB_LUT4_I1_O[2]
    36.496 ns .. 38.258 ns soc.cpu.decoded_imm_j_SB_DFFE_Q_10_D[1]
    39.463 ns .. 43.065 ns soc.cpu.mem_la_read_SB_LUT4_O_I2_SB_LUT4_I3_1_O_SB_LUT4_O_I3[2]
    43.939 ns .. 45.701 ns resetn_SB_LUT4_O_I3_SB_LUT4_I3_O_SB_LUT4_O_1_I3[1]
    46.906 ns .. 48.668 ns resetn_SB_LUT4_O_I3_SB_LUT4_I3_O[0]
    49.873 ns .. 54.125 ns soc.cpu.instr_sll_SB_LUT4_I2_O_SB_LUT4_I2_O[2]
    55.356 ns .. 60.840 ns soc.cpu.latched_is_lh_SB_DFFESR_Q_E_SB_LUT4_O_I3_SB_LUT4_I3_O[1]
                  lcout -> soc.cpu.pcpi_rs1[6]

Total number of logic levels: 15
Total path delay: 60.84 ns (16.44 MHz)

