
icetime topological timing analysis report
==========================================

Info: max_span_hack is enabled: estimate is conservative.

Report for critical path:
-------------------------

        lc40_23_14_7 (LogicCell40) [clk] -> lcout: 1.491 ns
     1.491 ns net_88232 (iomem_addr[7])
        odrv_23_14_88232_88128 (Odrv4) I -> O: 0.649 ns
        t24973 (Span4Mux_v4) I -> O: 0.649 ns
        t24972 (Span4Mux_v4) I -> O: 0.649 ns
        t24982 (Span4Mux_v4) I -> O: 0.649 ns
        t24981 (LocalMux) I -> O: 1.099 ns
        inmux_22_27_89875_89901 (InMux) I -> O: 0.662 ns
        lc40_22_27_0 (LogicCell40) in3 -> lcout: 0.874 ns
     6.722 ns net_85993 (soc.gen_icache.icache_inst.valid_array_SB_DFFESR_Q_3_D_SB_LUT4_O_I3_SB_LUT4_O_I3[2])
        odrv_22_27_85993_89602 (Odrv4) I -> O: 0.649 ns
        t24554 (Span4Mux_v4) I -> O: 0.649 ns
        t24553 (LocalMux) I -> O: 1.099 ns
        inmux_23_22_93090_93138 (InMux) I -> O: 0.662 ns
        lc40_23_22_4 (LogicCell40) in0 -> lcout: 1.285 ns
    11.066 ns net_89213 (iomem_ready_SB_LUT4_I2_I3[0])
        odrv_23_22_89213_93064 (Odrv4) I -> O: 0.649 ns
        t25546 (Span4Mux_v4) I -> O: 0.649 ns
        t25545 (Span4Mux_h4) I -> O: 0.543 ns
        t25544 (LocalMux) I -> O: 1.099 ns
        inmux_21_16_84682_84715 (InMux) I -> O: 0.662 ns
        lc40_21_16_0 (LogicCell40) in1 -> lcout: 1.232 ns
    15.901 ns net_80809 (soc.simpleuart.send_dummy_SB_LUT4_I2_1_O_SB_LUT4_O_I3[2])
        odrv_21_16_80809_80588 (Odrv4) I -> O: 0.649 ns
        t23126 (Span4Mux_v4) I -> O: 0.649 ns
        t23125 (LocalMux) I -> O: 1.099 ns
        inmux_21_9_83841_83859 (InMux) I -> O: 0.662 ns
        lc40_21_9_1 (LogicCell40) in0 -> lcout: 1.285 ns
    20.245 ns net_79949 (soc.simpleuart.send_dummy_SB_LUT4_I2_1_O_SB_LUT4_O_I3_SB_LUT4_I2_O[1])
        t22945 (LocalMux) I -> O: 1.099 ns
        inmux_21_10_83944_84018 (InMux) I -> O: 0.662 ns
        lc40_21_10_7 (LogicCell40) in0 -> lcout: 1.285 ns
    23.291 ns net_80078 (iomem_ready_SB_LUT4_I1_O[3])
        t22976 (LocalMux) I -> O: 1.099 ns
        inmux_21_9_83827_83866 (InMux) I -> O: 0.662 ns
        lc40_21_9_2 (LogicCell40) in1 -> lcout: 1.232 ns
    26.284 ns net_79950 (soc.ram_ready_SB_DFF_Q_D_SB_LUT4_O_I3[2])
        odrv_21_9_79950_82775 (Odrv12) I -> O: 1.232 ns
        t22956 (Span12Mux_v12) I -> O: 1.073 ns
        t22955 (LocalMux) I -> O: 1.099 ns
        inmux_21_21_85324_85354 (InMux) I -> O: 0.662 ns
        lc40_21_21_4 (LogicCell40) in1 -> lcout: 1.232 ns
    31.582 ns net_81428 (soc.cpu.mem_instr_SB_LUT4_I0_1_O_SB_LUT4_I1_O[3])
        t23225 (LocalMux) I -> O: 1.099 ns
        inmux_20_22_81600_81663 (InMux) I -> O: 0.662 ns
        lc40_20_22_7 (LogicCell40) in0 -> lcout: 1.285 ns
    34.629 ns net_77882 (soc.cpu.mem_do_rdata_SB_LUT4_I2_O[3])
        odrv_20_22_77882_77936 (Odrv4) I -> O: 0.649 ns
        t22226 (Span4Mux_h4) I -> O: 0.543 ns
        t22228 (Span4Mux_v4) I -> O: 0.649 ns
        t22227 (LocalMux) I -> O: 1.099 ns
        inmux_16_27_67510_67543 (InMux) I -> O: 0.662 ns
        lc40_16_27_0 (LogicCell40) in0 -> lcout: 1.285 ns
    39.516 ns net_63638 (soc.cpu.mem_valid_SB_DFFESR_Q_E_SB_LUT4_O_I0[2])
        odrv_16_27_63638_67375 (Odrv4) I -> O: 0.649 ns
        t19057 (Span4Mux_h4) I -> O: 0.543 ns
        t19056 (Span4Mux_h4) I -> O: 0.543 ns
        t19055 (LocalMux) I -> O: 1.099 ns
        inmux_10_28_44654_44702 (InMux) I -> O: 0.662 ns
        t1927 (CascadeMux) I -> O: 0.000 ns
        lc40_10_28_3 (LogicCell40) in2 -> lcout: 1.205 ns
    44.218 ns net_40780 (soc.cpu.mem_do_rinst_SB_LUT4_I1_O[1])
        t13087 (LocalMux) I -> O: 1.099 ns
        inmux_9_29_40944_40980 (InMux) I -> O: 0.662 ns
        lc40_9_29_1 (LogicCell40) in0 -> lcout: 1.285 ns
    47.264 ns net_37070 (soc.cpu.cpu_state_SB_DFF_Q_6_D_SB_LUT4_O_I2_SB_LUT4_O_I2[2])
        t11727 (LocalMux) I -> O: 1.099 ns
        inmux_9_29_40966_40988 (InMux) I -> O: 0.662 ns
        t1751 (CascadeMux) I -> O: 0.000 ns
        lc40_9_29_2 (LogicCell40) in2 -> lcout: 1.205 ns
    50.231 ns net_37071 (soc.cpu.instr_sll_SB_LUT4_I0_O_SB_LUT4_I3_O[3])
        odrv_9_29_37071_40682 (Odrv4) I -> O: 0.649 ns
        t11792 (LocalMux) I -> O: 1.099 ns
        inmux_9_26_40596_40649 (InMux) I -> O: 0.662 ns
        t1741 (CascadeMux) I -> O: 0.000 ns
        lc40_9_26_7 (LogicCell40) in2 -> lcout: 1.205 ns
    53.846 ns net_36707 (soc.cpu.instr_sll_SB_LUT4_I0_O_SB_LUT4_I3_O_SB_LUT4_I2_O[3])
        odrv_9_26_36707_36603 (Odrv4) I -> O: 0.649 ns
        t11598 (Span4Mux_v4) I -> O: 0.649 ns
        t11597 (Span4Mux_h4) I -> O: 0.543 ns
        t11596 (LocalMux) I -> O: 1.099 ns
        inmux_9_19_39722_39756 (InMux) I -> O: 0.662 ns
        lc40_9_19_2 (LogicCell40) in0 -> lcout: 1.285 ns
    58.734 ns net_35841 (soc.cpu.instr_sll_SB_LUT4_I0_O_SB_LUT4_I3_O_SB_LUT4_I2_O_SB_LUT4_I3_O[3])
        odrv_9_19_35841_39580 (Odrv4) I -> O: 0.649 ns
        t11288 (Span4Mux_h4) I -> O: 0.543 ns
        t11290 (Span4Mux_v4) I -> O: 0.649 ns
        t11289 (LocalMux) I -> O: 1.099 ns
        inmux_5_24_25649_25668 (InMux) I -> O: 0.662 ns
        t875 (CascadeMux) I -> O: 0.000 ns
        lc40_5_24_0 (LogicCell40) in2 -> lcout: 1.205 ns
    63.541 ns net_21761 (soc.cpu.reg_op1_SB_DFFE_Q_E)
        odrv_5_24_21761_21903 (Odrv4) I -> O: 0.649 ns
        t7606 (Span4Mux_v4) I -> O: 0.649 ns
        t7605 (LocalMux) I -> O: 1.099 ns
        inmux_4_24_21804_21881 (CEMux) I -> O: 0.702 ns
    66.641 ns net_21881 (soc.cpu.reg_op1_SB_DFFE_Q_E)
        lc40_4_24_2 (LogicCell40) ce [setup]: 0.000 ns
    66.641 ns net_17932 (soc.cpu.is_compare_SB_LUT4_I0_1_O_SB_LUT4_O_I2[1])

Resolvable net names on path:
     1.491 ns ..  5.848 ns iomem_addr[7]
     6.722 ns ..  9.782 ns soc.gen_icache.icache_inst.valid_array_SB_DFFESR_Q_3_D_SB_LUT4_O_I3_SB_LUT4_O_I3[2]
    11.066 ns .. 14.669 ns iomem_ready_SB_LUT4_I2_I3[0]
    15.901 ns .. 18.960 ns soc.simpleuart.send_dummy_SB_LUT4_I2_1_O_SB_LUT4_O_I3[2]
    20.245 ns .. 22.006 ns soc.simpleuart.send_dummy_SB_LUT4_I2_1_O_SB_LUT4_O_I3_SB_LUT4_I2_O[1]
    23.291 ns .. 25.053 ns iomem_ready_SB_LUT4_I1_O[3]
    26.284 ns .. 30.351 ns soc.ram_ready_SB_DFF_Q_D_SB_LUT4_O_I3[2]
    31.582 ns .. 33.344 ns soc.cpu.mem_instr_SB_LUT4_I0_1_O_SB_LUT4_I1_O[3]
    34.629 ns .. 38.231 ns soc.cpu.mem_do_rdata_SB_LUT4_I2_O[3]
    39.516 ns .. 43.012 ns soc.cpu.mem_valid_SB_DFFESR_Q_E_SB_LUT4_O_I0[2]
    44.218 ns .. 45.979 ns soc.cpu.mem_do_rinst_SB_LUT4_I1_O[1]
    47.264 ns .. 49.025 ns soc.cpu.cpu_state_SB_DFF_Q_6_D_SB_LUT4_O_I2_SB_LUT4_O_I2[2]
    50.231 ns .. 52.641 ns soc.cpu.instr_sll_SB_LUT4_I0_O_SB_LUT4_I3_O[3]
    53.846 ns .. 57.449 ns soc.cpu.instr_sll_SB_LUT4_I0_O_SB_LUT4_I3_O_SB_LUT4_I2_O[3]
    58.734 ns .. 62.336 ns soc.cpu.instr_sll_SB_LUT4_I0_O_SB_LUT4_I3_O_SB_LUT4_I2_O_SB_LUT4_I3_O[3]
    63.541 ns .. 66.641 ns soc.cpu.reg_op1_SB_DFFE_Q_E
                  lcout -> soc.cpu.is_compare_SB_LUT4_I0_1_O_SB_LUT4_O_I2[1]

Total number of logic levels: 16
Total path delay: 66.64 ns (15.01 MHz)

