
icetime topological timing analysis report
==========================================

Info: max_span_hack is enabled: estimate is conservative.

Report for critical path:
-------------------------

        lc40_23_20_1 (LogicCell40) [clk] -> lcout: 1.491 ns
     1.491 ns net_88964 (iomem_addr[20])
        odrv_23_20_88964_88744 (Odrv4) I -> O: 0.649 ns
        t24795 (Span4Mux_v4) I -> O: 0.649 ns
        t24797 (Span4Mux_v4) I -> O: 0.649 ns
        t24796 (LocalMux) I -> O: 1.099 ns
        inmux_23_11_91736_91779 (InMux) I -> O: 0.662 ns
        lc40_23_11_3 (LogicCell40) in0 -> lcout: 1.285 ns
     6.484 ns net_87859 (soc.spimemio.rd_valid_SB_LUT4_I3_O_SB_LUT4_I2_O_SB_LUT4_I2_O_SB_LUT4_O_1_I0_SB_LUT4_O_3_I0_SB_LUT4_O_3_I2[1])
        t24132 (LocalMux) I -> O: 1.099 ns
        inmux_23_10_91616_91657 (InMux) I -> O: 0.662 ns
        lc40_23_10_3 (LogicCell40) in1 -> lcout: 1.232 ns
     9.477 ns net_87736 (soc.spimemio.rd_valid_SB_LUT4_I3_O_SB_LUT4_I2_O_SB_LUT4_I2_O_SB_LUT4_O_1_I0_SB_LUT4_O_3_I0[3])
        t24109 (LocalMux) I -> O: 1.099 ns
        inmux_23_9_91485_91521 (InMux) I -> O: 0.662 ns
        lc40_23_9_1 (LogicCell40) in0 -> lcout: 1.285 ns
    12.523 ns net_87611 (soc.spimemio.rd_valid_SB_LUT4_I3_O_SB_LUT4_I2_O_SB_LUT4_I2_O_SB_LUT4_O_1_I0[3])
        t24096 (LocalMux) I -> O: 1.099 ns
        inmux_23_9_91507_91546 (InMux) I -> O: 0.662 ns
        lc40_23_9_5 (LogicCell40) in1 -> lcout: 1.232 ns
    15.517 ns net_87615 (soc.spimemio.rd_valid_SB_LUT4_I3_O_SB_LUT4_I2_O_SB_LUT4_I2_O[1])
        t24101 (LocalMux) I -> O: 1.099 ns
        inmux_22_9_87672_87702 (InMux) I -> O: 0.662 ns
        lc40_22_9_3 (LogicCell40) in0 -> lcout: 1.285 ns
    18.563 ns net_83782 (soc.ram_ready_SB_LUT4_I2_O_SB_LUT4_O_1_I2[2])
        t23054 (LocalMux) I -> O: 1.099 ns
        inmux_22_10_87777_87825 (InMux) I -> O: 0.662 ns
        lc40_22_10_3 (LogicCell40) in0 -> lcout: 1.285 ns
    21.609 ns net_83905 (soc.ram_ready_SB_LUT4_I2_O[2])
        t23076 (LocalMux) I -> O: 1.099 ns
        inmux_21_10_83970_83978 (InMux) I -> O: 0.662 ns
        t3742 (CascadeMux) I -> O: 0.000 ns
        lc40_21_10_0 (LogicCell40) in2 -> lcout: 1.205 ns
    24.576 ns net_80071 (soc.cpu.mem_xfer_SB_LUT4_O_I3_SB_LUT4_O_I3[2])
        odrv_21_10_80071_84037 (Odrv4) I -> O: 0.649 ns
        t22219 (Span4Mux_v4) I -> O: 0.649 ns
        t22218 (LocalMux) I -> O: 1.099 ns
        inmux_21_14_84443_84500 (InMux) I -> O: 0.662 ns
        t3768 (CascadeMux) I -> O: 0.000 ns
        lc40_21_14_5 (LogicCell40) in2 -> lcout: 1.205 ns
    28.841 ns net_80568 (soc.cpu.mem_xfer_SB_LUT4_O_I3[3])
        odrv_21_14_80568_80716 (Odrv4) I -> O: 0.649 ns
        t22384 (Span4Mux_v4) I -> O: 0.649 ns
        t22383 (Span4Mux_h4) I -> O: 0.543 ns
        t22382 (LocalMux) I -> O: 1.099 ns
        inmux_18_21_74444_74497 (InMux) I -> O: 0.662 ns
        lc40_18_21_5 (LogicCell40) in0 -> lcout: 1.285 ns
    33.728 ns net_70567 (soc.cpu.mem_rdata_q_SB_DFFE_Q_14_D[1])
        odrv_18_21_70567_74530 (Odrv4) I -> O: 0.649 ns
        t20581 (Span4Mux_v4) I -> O: 0.649 ns
        t20580 (LocalMux) I -> O: 1.099 ns
        inmux_17_25_71107_71167 (InMux) I -> O: 0.662 ns
        lc40_17_25_6 (LogicCell40) in3 -> lcout: 0.874 ns
    37.662 ns net_67229 (soc.cpu.mem_state_SB_DFFESR_Q_D_SB_LUT4_O_I3_SB_LUT4_I1_O[3])
        t19724 (LocalMux) I -> O: 1.099 ns
        inmux_16_26_67401_67435 (InMux) I -> O: 0.662 ns
        lc40_16_26_2 (LogicCell40) in3 -> lcout: 0.874 ns
    40.297 ns net_63517 (soc.cpu.mem_do_rinst_SB_LUT4_I1_O[1])
        odrv_16_26_63517_63661 (Odrv4) I -> O: 0.649 ns
        t18883 (Span4Mux_h4) I -> O: 0.543 ns
        t18882 (Span4Mux_v4) I -> O: 0.649 ns
        t18881 (LocalMux) I -> O: 1.099 ns
        inmux_11_28_48496_48537 (InMux) I -> O: 0.662 ns
        lc40_11_28_4 (LogicCell40) in0 -> lcout: 1.285 ns
    45.184 ns net_44612 (soc.cpu.instr_sw_SB_LUT4_I1_I3_SB_LUT4_O_I3[1])
        t14153 (LocalMux) I -> O: 1.099 ns
        inmux_11_29_48607_48660 (InMux) I -> O: 0.662 ns
        lc40_11_29_4 (LogicCell40) in0 -> lcout: 1.285 ns
    48.231 ns net_44735 (soc.cpu.instr_sll_SB_LUT4_I1_O_SB_LUT4_I2_O[3])
        t14276 (LocalMux) I -> O: 1.099 ns
        inmux_11_28_48484_48527 (InMux) I -> O: 0.662 ns
        t2052 (CascadeMux) I -> O: 0.000 ns
        lc40_11_28_2 (LogicCell40) in2 -> lcout: 1.205 ns
    51.197 ns net_44610 (soc.cpu.instr_sll_SB_LUT4_I1_O_SB_LUT4_I2_O_SB_LUT4_I2_O[2])
        odrv_11_28_44610_44391 (Odrv4) I -> O: 0.649 ns
        t14265 (Span4Mux_v4) I -> O: 0.649 ns
        t14264 (Span4Mux_v4) I -> O: 0.649 ns
        t14263 (LocalMux) I -> O: 1.099 ns
        inmux_10_18_43427_43494 (InMux) I -> O: 0.662 ns
        lc40_10_18_7 (LogicCell40) in0 -> lcout: 1.285 ns
    56.191 ns net_39554 (soc.cpu.mem_do_rdata_SB_DFFESS_Q_E_SB_LUT4_O_I3_SB_LUT4_I3_O[3])
        odrv_10_18_39554_39704 (Odrv4) I -> O: 0.649 ns
        t12551 (Span4Mux_h4) I -> O: 0.543 ns
        t12553 (Span4Mux_v4) I -> O: 0.649 ns
        t12552 (LocalMux) I -> O: 1.099 ns
        inmux_5_25_25769_25796 (InMux) I -> O: 0.662 ns
        lc40_5_25_1 (LogicCell40) in1 -> lcout: 1.232 ns
    61.025 ns net_21885 (soc.cpu.reg_op1_SB_DFFE_Q_E)
        odrv_5_25_21885_25623 (Odrv4) I -> O: 0.649 ns
        t8075 (Span4Mux_h4) I -> O: 0.543 ns
        t8074 (LocalMux) I -> O: 1.099 ns
        inmux_5_26_25906_25958 (CEMux) I -> O: 0.702 ns
    64.018 ns net_25958 (soc.cpu.reg_op1_SB_DFFE_Q_E)
        lc40_5_26_1 (LogicCell40) ce [setup]: 0.000 ns
    64.018 ns net_22008 (soc.cpu.alu_out_q_SB_DFF_Q_D_SB_LUT4_O_I2_SB_LUT4_O_1_I3[1])

Resolvable net names on path:
     1.491 ns ..  5.199 ns iomem_addr[20]
     6.484 ns ..  8.245 ns soc.spimemio.rd_valid_SB_LUT4_I3_O_SB_LUT4_I2_O_SB_LUT4_I2_O_SB_LUT4_O_1_I0_SB_LUT4_O_3_I0_SB_LUT4_O_3_I2[1]
     9.477 ns .. 11.239 ns soc.spimemio.rd_valid_SB_LUT4_I3_O_SB_LUT4_I2_O_SB_LUT4_I2_O_SB_LUT4_O_1_I0_SB_LUT4_O_3_I0[3]
    12.523 ns .. 14.285 ns soc.spimemio.rd_valid_SB_LUT4_I3_O_SB_LUT4_I2_O_SB_LUT4_I2_O_SB_LUT4_O_1_I0[3]
    15.517 ns .. 17.278 ns soc.spimemio.rd_valid_SB_LUT4_I3_O_SB_LUT4_I2_O_SB_LUT4_I2_O[1]
    18.563 ns .. 20.324 ns soc.ram_ready_SB_LUT4_I2_O_SB_LUT4_O_1_I2[2]
    21.609 ns .. 23.371 ns soc.ram_ready_SB_LUT4_I2_O[2]
    24.576 ns .. 27.635 ns soc.cpu.mem_xfer_SB_LUT4_O_I3_SB_LUT4_O_I3[2]
    28.841 ns .. 32.443 ns soc.cpu.mem_xfer_SB_LUT4_O_I3[3]
    33.728 ns .. 36.787 ns soc.cpu.mem_rdata_q_SB_DFFE_Q_14_D[1]
    37.662 ns .. 39.423 ns soc.cpu.mem_state_SB_DFFESR_Q_D_SB_LUT4_O_I3_SB_LUT4_I1_O[3]
    40.297 ns .. 43.900 ns soc.cpu.mem_do_rinst_SB_LUT4_I1_O[1]
    45.184 ns .. 46.946 ns soc.cpu.instr_sw_SB_LUT4_I1_I3_SB_LUT4_O_I3[1]
    48.231 ns .. 49.992 ns soc.cpu.instr_sll_SB_LUT4_I1_O_SB_LUT4_I2_O[3]
    51.197 ns .. 54.906 ns soc.cpu.instr_sll_SB_LUT4_I1_O_SB_LUT4_I2_O_SB_LUT4_I2_O[2]
    56.191 ns .. 59.793 ns soc.cpu.mem_do_rdata_SB_DFFESS_Q_E_SB_LUT4_O_I3_SB_LUT4_I3_O[3]
    61.025 ns .. 64.018 ns soc.cpu.reg_op1_SB_DFFE_Q_E
                  lcout -> soc.cpu.alu_out_q_SB_DFF_Q_D_SB_LUT4_O_I2_SB_LUT4_O_1_I3[1]

Total number of logic levels: 17
Total path delay: 64.02 ns (15.62 MHz)

