
icetime topological timing analysis report
==========================================

Info: max_span_hack is enabled: estimate is conservative.

Report for critical path:
-------------------------

        lc40_1_29_1 (LogicCell40) [clk] -> lcout: 1.491 ns
     1.491 ns net_6054 (reset_cnt[1])
        t5046 (LocalMux) I -> O: 1.099 ns
        inmux_1_30_11027_11051 (InMux) I -> O: 0.662 ns
        lc40_1_30_0 (LogicCell40) in0 -> lcout: 1.285 ns
     4.537 ns net_6280 (resetn_SB_LUT4_O_I3[3])
        t5263 (LocalMux) I -> O: 1.099 ns
        inmux_1_29_10879_10948 (InMux) I -> O: 0.662 ns
        t180 (CascadeMux) I -> O: 0.000 ns
        lc40_1_29_7 (LogicCell40) in2 -> lcout: 1.205 ns
     7.504 ns net_6060 (iomem_ready_SB_LUT4_I2_O_SB_LUT4_I2_O[1])
        odrv_1_29_6060_10710 (Odrv4) I -> O: 0.649 ns
        t5234 (Span4Mux_h4) I -> O: 0.543 ns
        t5233 (Span4Mux_h4) I -> O: 0.543 ns
        t5232 (Span4Mux_h4) I -> O: 0.543 ns
        t5231 (Span4Mux_h4) I -> O: 0.543 ns
        t5230 (LocalMux) I -> O: 1.099 ns
        inmux_17_26_71238_71265 (InMux) I -> O: 0.662 ns
        t3139 (CascadeMux) I -> O: 0.000 ns
        lc40_17_26_2 (LogicCell40) in2 -> lcout: 1.205 ns
    13.292 ns net_67348 (soc.cpu_mem_la_read)
        t19905 (LocalMux) I -> O: 1.099 ns
        inmux_16_25_67290_67327 (InMux) I -> O: 0.662 ns
        lc40_16_25_5 (LogicCell40) in0 -> lcout: 1.285 ns
    16.338 ns net_63397 (soc.cpu.mem_addr_SB_DFFE_Q_8_D_SB_LUT4_I0_O[3])
        t18850 (LocalMux) I -> O: 1.099 ns
        inmux_16_25_67285_67324 (InMux) I -> O: 0.662 ns
        lc40_16_25_4 (LogicCell40) in3 -> lcout: 0.874 ns
    18.974 ns net_63396 (soc.ram_ready_SB_LUT4_I0_I1_SB_LUT4_I1_O[3])
        odrv_16_25_63396_63179 (Odrv4) I -> O: 0.649 ns
        t18870 (Span4Mux_v4) I -> O: 0.649 ns
        t18869 (Span4Mux_v4) I -> O: 0.649 ns
        t18868 (Span4Mux_v4) I -> O: 0.649 ns
        t18867 (LocalMux) I -> O: 1.099 ns
        inmux_15_11_61730_61781 (InMux) I -> O: 0.662 ns
        lc40_15_11_6 (LogicCell40) in1 -> lcout: 1.232 ns
    24.563 ns net_57846 (soc.memory.cs_0)
        odrv_15_11_57846_61826 (Odrv4) I -> O: 0.649 ns
        t17497 (Span4Mux_h4) I -> O: 0.543 ns
        t17496 (LocalMux) I -> O: 1.099 ns
        inmux_18_10_73106_73121 (InMux) I -> O: 0.662 ns
        lc40_18_10_1 (LogicCell40) in1 -> lcout: 1.232 ns
    28.748 ns net_69210 (soc.gen_icache.icache_inst.data_array.0.2_RDATA_SB_LUT4_I0_O_SB_LUT4_I1_O_SB_LUT4_O_I0[3])
        t20545 (LocalMux) I -> O: 1.099 ns
        inmux_18_11_73213_73268 (InMux) I -> O: 0.662 ns
        lc40_18_11_5 (LogicCell40) in1 -> lcout: 1.232 ns
    31.741 ns net_69337 (soc.gen_icache.icache_inst.data_array.0.2_RDATA_SB_LUT4_I0_O_SB_LUT4_I1_O[1])
        odrv_18_11_69337_73317 (Odrv4) I -> O: 0.649 ns
        t20587 (Span4Mux_h4) I -> O: 0.543 ns
        t20589 (Span4Mux_v4) I -> O: 0.649 ns
        t20588 (LocalMux) I -> O: 1.099 ns
        inmux_22_17_88659_88700 (InMux) I -> O: 0.662 ns
        t3924 (CascadeMux) I -> O: 0.000 ns
        lc40_22_17_5 (LogicCell40) in2 -> lcout: 1.205 ns
    36.549 ns net_84768 (soc.cpu.mem_rdata_q_SB_DFFE_Q_26_D[2])
        odrv_22_17_84768_84790 (Odrv4) I -> O: 0.649 ns
        t24119 (Span4Mux_h4) I -> O: 0.543 ns
        t24118 (Span4Mux_v4) I -> O: 0.649 ns
        t24117 (LocalMux) I -> O: 1.099 ns
        inmux_18_22_74564_74634 (InMux) I -> O: 0.662 ns
        t3246 (CascadeMux) I -> O: 0.000 ns
        lc40_18_22_7 (LogicCell40) in2 -> lcout: 1.205 ns
    41.357 ns net_70692 (soc.cpu.is_sb_sh_sw_SB_DFFE_Q_D_SB_LUT4_O_I2[1])
        t20885 (LocalMux) I -> O: 1.099 ns
        inmux_18_22_74588_74604 (InMux) I -> O: 0.662 ns
        t3242 (CascadeMux) I -> O: 0.000 ns
        lc40_18_22_2 (LogicCell40) in2 -> lcout: 1.205 ns
    44.324 ns net_70687 (soc.cpu.mem_rdata_q_SB_DFFE_Q_29_D_SB_LUT4_I3_O[2])
        odrv_18_22_70687_63159 (Odrv4) I -> O: 0.649 ns
        t20903 (Span4Mux_v4) I -> O: 0.649 ns
        t20902 (LocalMux) I -> O: 1.099 ns
        inmux_15_21_62952_62995 (InMux) I -> O: 0.662 ns
        lc40_15_21_3 (LogicCell40) in3 -> lcout: 0.874 ns
    48.257 ns net_59073 (soc.cpu.cpuregs.regs.1.0_RADDR_1_SB_LUT4_O_1_I0[3])
        t17731 (LocalMux) I -> O: 1.099 ns
        inmux_14_21_59138_59187 (InMux) I -> O: 0.662 ns
        lc40_14_21_7 (LogicCell40) in1 -> lcout: 1.232 ns
    51.250 ns net_55247 (soc.cpu.cpuregs.regs.1.0_RADDR_2[3])
        odrv_14_21_55247_55143 (Odrv4) I -> O: 0.649 ns
        t16869 (Span4Mux_v4) I -> O: 0.649 ns
        t16868 (LocalMux) I -> O: 1.099 ns
        inmux_14_16_58518_58553 (InMux) I -> O: 0.662 ns
        lc40_14_16_4 (LogicCell40) in0 -> lcout: 1.285 ns
    55.595 ns net_54629 (soc.cpu.cpuregs.regs.1.0_RADDR_SB_LUT4_I3_O[3])
        t16594 (LocalMux) I -> O: 1.099 ns
        inmux_14_15_58385_58424 (InMux) I -> O: 0.662 ns
    57.356 ns net_58424 (soc.cpu.cpuregs.regs.1.0_RADDR_SB_LUT4_I3_O[3])
        lc40_14_15_3 (LogicCell40) in0 [setup]: 1.060 ns
    58.416 ns net_54505 (soc.cpu.cpuregs.regs.1.0_RDATA[1])

Resolvable net names on path:
     1.491 ns ..  3.252 ns reset_cnt[1]
     4.537 ns ..  6.298 ns resetn_SB_LUT4_O_I3[3]
     7.504 ns .. 12.086 ns iomem_ready_SB_LUT4_I2_O_SB_LUT4_I2_O[1]
    13.292 ns .. 15.053 ns soc.cpu_mem_la_read
    16.338 ns .. 18.099 ns soc.cpu.mem_addr_SB_DFFE_Q_8_D_SB_LUT4_I0_O[3]
    18.974 ns .. 23.331 ns soc.ram_ready_SB_LUT4_I0_I1_SB_LUT4_I1_O[3]
    24.563 ns .. 27.516 ns soc.memory.cs_0
    28.748 ns .. 30.510 ns soc.gen_icache.icache_inst.data_array.0.2_RDATA_SB_LUT4_I0_O_SB_LUT4_I1_O_SB_LUT4_O_I0[3]
    31.741 ns .. 35.344 ns soc.gen_icache.icache_inst.data_array.0.2_RDATA_SB_LUT4_I0_O_SB_LUT4_I1_O[1]
    36.549 ns .. 40.152 ns soc.cpu.mem_rdata_q_SB_DFFE_Q_26_D[2]
    41.357 ns .. 43.118 ns soc.cpu.is_sb_sh_sw_SB_DFFE_Q_D_SB_LUT4_O_I2[1]
    44.324 ns .. 47.383 ns soc.cpu.mem_rdata_q_SB_DFFE_Q_29_D_SB_LUT4_I3_O[2]
    48.257 ns .. 50.019 ns soc.cpu.cpuregs.regs.1.0_RADDR_1_SB_LUT4_O_1_I0[3]
    51.250 ns .. 54.310 ns soc.cpu.cpuregs.regs.1.0_RADDR_2[3]
    55.595 ns .. 57.356 ns soc.cpu.cpuregs.regs.1.0_RADDR_SB_LUT4_I3_O[3]
                  lcout -> soc.cpu.cpuregs.regs.1.0_RDATA[1]

Total number of logic levels: 15
Total path delay: 58.42 ns (17.12 MHz)

