
icetime topological timing analysis report
==========================================

Info: max_span_hack is enabled: estimate is conservative.

Report for critical path:
-------------------------

        lc40_23_25_0 (LogicCell40) [clk] -> lcout: 1.491 ns
     1.491 ns net_89578 (iomem_addr[7])
        t25069 (LocalMux) I -> O: 1.099 ns
        inmux_22_26_89742_89799 (InMux) I -> O: 0.662 ns
        lc40_22_26_4 (LogicCell40) in0 -> lcout: 1.285 ns
     4.537 ns net_85874 (soc.cpu.mem_instr_SB_LUT4_I0_O_SB_LUT4_O_I2_SB_LUT4_O_1_I1_SB_LUT4_O_1_I1_SB_LUT4_O_1_I3[2])
        odrv_22_26_85874_85895 (Odrv4) I -> O: 0.649 ns
        t24005 (Span4Mux_h4) I -> O: 0.543 ns
        t24004 (LocalMux) I -> O: 1.099 ns
        inmux_18_28_75308_75349 (InMux) I -> O: 0.662 ns
        lc40_18_28_3 (LogicCell40) in3 -> lcout: 0.874 ns
     8.365 ns net_71426 (soc.gen_icache.icache_inst.tag_array.0.0_RDATA_9_SB_LUT4_I1_O_SB_LUT4_I1_O_SB_LUT4_O_2_I1_SB_LUT4_O_2_I2_SB_LUT4_O_1_I1_SB_LUT4_O_2_I2_SB_LUT4_O_1_I1[3])
        t20703 (LocalMux) I -> O: 1.099 ns
        inmux_18_28_75322_75354 (InMux) I -> O: 0.662 ns
        t3278 (CascadeMux) I -> O: 0.000 ns
        lc40_18_28_4 (LogicCell40) in2 -> lcout: 1.205 ns
    11.331 ns net_71427 (soc.gen_icache.icache_inst.tag_array.0.0_RDATA_9_SB_LUT4_I1_O_SB_LUT4_I1_O_SB_LUT4_O_2_I1_SB_LUT4_O_2_I2_SB_LUT4_O_1_I1_SB_LUT4_O_2_I2[3])
        t20704 (LocalMux) I -> O: 1.099 ns
        inmux_18_28_75323_75329 (InMux) I -> O: 0.662 ns
        lc40_18_28_0 (LogicCell40) in1 -> lcout: 1.232 ns
    14.325 ns net_71423 (soc.gen_icache.icache_inst.tag_array.0.0_RDATA_9_SB_LUT4_I1_O_SB_LUT4_I1_O_SB_LUT4_O_2_I1_SB_LUT4_O_2_I2_SB_LUT4_O_1_I1[3])
        odrv_18_28_71423_75389 (Odrv4) I -> O: 0.649 ns
        t20708 (LocalMux) I -> O: 1.099 ns
        inmux_21_28_86178_86205 (InMux) I -> O: 0.662 ns
        lc40_21_28_2 (LogicCell40) in3 -> lcout: 0.874 ns
    17.609 ns net_82287 (soc.gen_icache.icache_inst.tag_array.0.0_RDATA_9_SB_LUT4_I1_O_SB_LUT4_I1_O_SB_LUT4_O_2_I1_SB_LUT4_O_2_I2[3])
        odrv_21_28_82287_82068 (Odrv4) I -> O: 0.649 ns
        t22922 (LocalMux) I -> O: 1.099 ns
        inmux_21_25_85813_85847 (InMux) I -> O: 0.662 ns
        t3773 (CascadeMux) I -> O: 0.000 ns
        lc40_21_25_4 (LogicCell40) in2 -> lcout: 1.205 ns
    21.225 ns net_81920 (soc.gen_icache.icache_inst.tag_array.0.0_RDATA_9_SB_LUT4_I1_O_SB_LUT4_I1_O_SB_LUT4_O_2_I1[3])
        t22844 (LocalMux) I -> O: 1.099 ns
        inmux_21_25_85800_85829 (InMux) I -> O: 0.662 ns
        t3770 (CascadeMux) I -> O: 0.000 ns
        lc40_21_25_1 (LogicCell40) in2 -> lcout: 1.205 ns
    24.192 ns net_81917 (soc.gen_icache.icache_inst.tag_array.0.0_RDATA_9_SB_LUT4_I1_O_SB_LUT4_I1_O[3])
        odrv_21_25_81917_84527 (Odrv12) I -> O: 1.232 ns
        t22849 (LocalMux) I -> O: 1.099 ns
        inmux_21_19_85072_85102 (InMux) I -> O: 0.662 ns
        lc40_21_19_3 (LogicCell40) in1 -> lcout: 1.232 ns
    28.417 ns net_81181 (soc.cpu.mem_instr_SB_LUT4_I0_O[2])
        t22451 (LocalMux) I -> O: 1.099 ns
        inmux_20_18_81123_81153 (InMux) I -> O: 0.662 ns
        lc40_20_18_4 (LogicCell40) in0 -> lcout: 1.285 ns
    31.463 ns net_77471 (soc.cpu.mem_xfer_SB_LUT4_O_I2[2])
        odrv_20_18_77471_81079 (Odrv4) I -> O: 0.649 ns
        t21598 (Span4Mux_h4) I -> O: 0.543 ns
        t21600 (Span4Mux_v4) I -> O: 0.649 ns
        t21599 (LocalMux) I -> O: 1.099 ns
        inmux_17_23_70860_70884 (InMux) I -> O: 0.662 ns
        t3109 (CascadeMux) I -> O: 0.000 ns
        lc40_17_23_0 (LogicCell40) in2 -> lcout: 1.205 ns
    36.271 ns net_66977 (soc.cpu.instr_timer_SB_DFFE_Q_D_SB_LUT4_O_I3_SB_LUT4_O_I1[1])
        t19509 (LocalMux) I -> O: 1.099 ns
        inmux_16_24_67149_67211 (InMux) I -> O: 0.662 ns
        lc40_16_24_6 (LogicCell40) in1 -> lcout: 1.232 ns
    39.264 ns net_63275 (soc.cpu.cpu_state_SB_DFF_Q_6_D_SB_LUT4_O_I2_SB_LUT4_O_I3_SB_LUT4_O_I2[1])
        odrv_16_24_63275_55755 (Odrv4) I -> O: 0.649 ns
        t18409 (Span4Mux_v4) I -> O: 0.649 ns
        t18408 (LocalMux) I -> O: 1.099 ns
        inmux_12_28_52322_52356 (InMux) I -> O: 0.662 ns
        lc40_12_28_2 (LogicCell40) in0 -> lcout: 1.285 ns
    43.608 ns net_48441 (soc.cpu.cpu_state_SB_DFF_Q_6_D_SB_LUT4_O_I2_SB_LUT4_O_I3_SB_LUT4_O_I2_SB_LUT4_I1_O[3])
        t15123 (LocalMux) I -> O: 1.099 ns
        inmux_11_28_48506_48538 (InMux) I -> O: 0.662 ns
        lc40_11_28_4 (LogicCell40) in1 -> lcout: 1.232 ns
    46.602 ns net_44612 (soc.cpu.instr_sll_SB_LUT4_I0_O[3])
        t13539 (LocalMux) I -> O: 1.099 ns
        inmux_10_27_44554_44579 (InMux) I -> O: 0.662 ns
        t1860 (CascadeMux) I -> O: 0.000 ns
        lc40_10_27_3 (LogicCell40) in2 -> lcout: 1.205 ns
    49.568 ns net_40657 (soc.cpu.instr_sll_SB_LUT4_I0_O_SB_LUT4_I1_O[3])
        odrv_10_27_40657_40792 (Odrv4) I -> O: 0.649 ns
        t12395 (Span4Mux_v4) I -> O: 0.649 ns
        t12394 (Span4Mux_v4) I -> O: 0.649 ns
        t12393 (Span4Mux_v4) I -> O: 0.649 ns
        t12392 (LocalMux) I -> O: 1.099 ns
        inmux_8_18_35787_35815 (InMux) I -> O: 0.662 ns
        lc40_8_18_4 (LogicCell40) in1 -> lcout: 1.232 ns
    55.158 ns net_31889 (soc.cpu.instr_sll_SB_LUT4_I0_O_SB_LUT4_I1_O_SB_LUT4_I3_O[3])
        odrv_8_18_31889_28441 (Odrv4) I -> O: 0.649 ns
        t9532 (Span4Mux_v4) I -> O: 0.649 ns
        t9531 (Span4Mux_v4) I -> O: 0.649 ns
        t9530 (Span4Mux_h4) I -> O: 0.543 ns
        t9529 (LocalMux) I -> O: 1.099 ns
        inmux_3_26_18222_18263 (InMux) I -> O: 0.662 ns
        lc40_3_26_2 (LogicCell40) in1 -> lcout: 1.232 ns
    60.641 ns net_14347 (soc.cpu.reg_op1_SB_DFFE_Q_31_E)
        t6010 (LocalMux) I -> O: 1.099 ns
        inmux_2_27_14511_14588 (CEMux) I -> O: 0.702 ns
    62.442 ns net_14588 (soc.cpu.reg_op1_SB_DFFE_Q_31_E)
        lc40_2_27_3 (LogicCell40) ce [setup]: 0.000 ns
    62.442 ns net_10539 (soc.cpu.mem_addr_SB_DFFE_Q_D_SB_LUT4_O_1_I3[0])

Resolvable net names on path:
     1.491 ns ..  3.252 ns iomem_addr[7]
     4.537 ns ..  7.490 ns soc.cpu.mem_instr_SB_LUT4_I0_O_SB_LUT4_O_I2_SB_LUT4_O_1_I1_SB_LUT4_O_1_I1_SB_LUT4_O_1_I3[2]
     8.365 ns .. 10.126 ns soc.gen_icache.icache_inst.tag_array.0.0_RDATA_9_SB_LUT4_I1_O_SB_LUT4_I1_O_SB_LUT4_O_2_I1_SB_LUT4_O_2_I2_SB_LUT4_O_1_I1_SB_LUT4_O_2_I2_SB_LUT4_O_1_I1[3]
    11.331 ns .. 13.093 ns soc.gen_icache.icache_inst.tag_array.0.0_RDATA_9_SB_LUT4_I1_O_SB_LUT4_I1_O_SB_LUT4_O_2_I1_SB_LUT4_O_2_I2_SB_LUT4_O_1_I1_SB_LUT4_O_2_I2[3]
    14.325 ns .. 16.735 ns soc.gen_icache.icache_inst.tag_array.0.0_RDATA_9_SB_LUT4_I1_O_SB_LUT4_I1_O_SB_LUT4_O_2_I1_SB_LUT4_O_2_I2_SB_LUT4_O_1_I1[3]
    17.609 ns .. 20.020 ns soc.gen_icache.icache_inst.tag_array.0.0_RDATA_9_SB_LUT4_I1_O_SB_LUT4_I1_O_SB_LUT4_O_2_I1_SB_LUT4_O_2_I2[3]
    21.225 ns .. 22.987 ns soc.gen_icache.icache_inst.tag_array.0.0_RDATA_9_SB_LUT4_I1_O_SB_LUT4_I1_O_SB_LUT4_O_2_I1[3]
    24.192 ns .. 27.185 ns soc.gen_icache.icache_inst.tag_array.0.0_RDATA_9_SB_LUT4_I1_O_SB_LUT4_I1_O[3]
    28.417 ns .. 30.178 ns soc.cpu.mem_instr_SB_LUT4_I0_O[2]
    31.463 ns .. 35.066 ns soc.cpu.mem_xfer_SB_LUT4_O_I2[2]
    36.271 ns .. 38.032 ns soc.cpu.instr_timer_SB_DFFE_Q_D_SB_LUT4_O_I3_SB_LUT4_O_I1[1]
    39.264 ns .. 42.324 ns soc.cpu.cpu_state_SB_DFF_Q_6_D_SB_LUT4_O_I2_SB_LUT4_O_I3_SB_LUT4_O_I2[1]
    43.608 ns .. 45.370 ns soc.cpu.cpu_state_SB_DFF_Q_6_D_SB_LUT4_O_I2_SB_LUT4_O_I3_SB_LUT4_O_I2_SB_LUT4_I1_O[3]
    46.602 ns .. 48.363 ns soc.cpu.instr_sll_SB_LUT4_I0_O[3]
    49.568 ns .. 53.926 ns soc.cpu.instr_sll_SB_LUT4_I0_O_SB_LUT4_I1_O[3]
    55.158 ns .. 59.409 ns soc.cpu.instr_sll_SB_LUT4_I0_O_SB_LUT4_I1_O_SB_LUT4_I3_O[3]
    60.641 ns .. 62.442 ns soc.cpu.reg_op1_SB_DFFE_Q_31_E
                  lcout -> soc.cpu.mem_addr_SB_DFFE_Q_D_SB_LUT4_O_1_I3[0]

Total number of logic levels: 17
Total path delay: 62.44 ns (16.01 MHz)

