
icetime topological timing analysis report
==========================================

Info: max_span_hack is enabled: estimate is conservative.

Report for critical path:
-------------------------

        lc40_21_21_2 (LogicCell40) [clk] -> lcout: 1.491 ns
     1.491 ns net_81426 (iomem_addr[22])
        odrv_21_21_81426_85037 (Odrv4) I -> O: 0.649 ns
        t22825 (Span4Mux_v4) I -> O: 0.649 ns
        t22824 (LocalMux) I -> O: 1.099 ns
        inmux_22_14_88286_88299 (InMux) I -> O: 0.662 ns
        lc40_22_14_0 (LogicCell40) in0 -> lcout: 1.285 ns
     5.835 ns net_84394 (soc.memory.addr_SB_LUT4_O_7_I1[1])
        odrv_22_14_84394_84536 (Odrv4) I -> O: 0.649 ns
        t23990 (LocalMux) I -> O: 1.099 ns
        inmux_21_14_84440_84476 (InMux) I -> O: 0.662 ns
        t3666 (CascadeMux) I -> O: 0.000 ns
        lc40_21_14_1 (LogicCell40) in2 -> lcout: 1.205 ns
     9.451 ns net_80564 (iomem_ready_SB_LUT4_I2_O_SB_LUT4_O_I1[3])
        t22594 (LocalMux) I -> O: 1.099 ns
        inmux_21_13_84313_84358 (InMux) I -> O: 0.662 ns
        lc40_21_13_2 (LogicCell40) in1 -> lcout: 1.232 ns
    12.444 ns net_80442 (soc.gen_dmem_lookahead.dmem_lookahead_buffer_inst.la_valid_SB_LUT4_I3_1_O[3])
        t22579 (LocalMux) I -> O: 1.099 ns
        inmux_20_14_80614_80679 (InMux) I -> O: 0.662 ns
        lc40_20_14_7 (LogicCell40) in0 -> lcout: 1.285 ns
    15.490 ns net_77066 (soc.ram_ready_SB_LUT4_I0_I2[2])
        t21556 (LocalMux) I -> O: 1.099 ns
        inmux_20_13_80496_80526 (InMux) I -> O: 0.662 ns
        lc40_20_13_2 (LogicCell40) in0 -> lcout: 1.285 ns
    18.536 ns net_76959 (iomem_ready_SB_LUT4_I2_O_SB_LUT4_O_I2[2])
        odrv_20_13_76959_77112 (Odrv4) I -> O: 0.649 ns
        t21533 (Span4Mux_v4) I -> O: 0.649 ns
        t21532 (LocalMux) I -> O: 1.099 ns
        inmux_18_12_73355_73385 (InMux) I -> O: 0.662 ns
        lc40_18_12_4 (LogicCell40) in1 -> lcout: 1.232 ns
    22.828 ns net_69459 (flash_clk_SB_LUT4_I1_O[2])
        odrv_18_12_69459_73310 (Odrv4) I -> O: 0.649 ns
        t20542 (Span4Mux_h4) I -> O: 0.543 ns
        t20541 (LocalMux) I -> O: 1.099 ns
        inmux_20_10_80123_80164 (InMux) I -> O: 0.662 ns
        lc40_20_10_3 (LogicCell40) in1 -> lcout: 1.232 ns
    27.013 ns net_76654 (soc.cpu.mem_xfer_SB_LUT4_O_I2_SB_LUT4_O_I2[2])
        odrv_20_10_76654_76809 (Odrv4) I -> O: 0.649 ns
        t21489 (Span4Mux_v4) I -> O: 0.649 ns
        t21488 (LocalMux) I -> O: 1.099 ns
        inmux_20_16_80853_80889 (InMux) I -> O: 0.662 ns
        lc40_20_16_1 (LogicCell40) in0 -> lcout: 1.285 ns
    31.357 ns net_77264 (soc.cpu.mem_xfer_SB_LUT4_O_I2[2])
        odrv_20_16_77264_73915 (Odrv4) I -> O: 0.649 ns
        t21614 (Span4Mux_v4) I -> O: 0.649 ns
        t21613 (Span4Mux_v4) I -> O: 0.649 ns
        t21612 (LocalMux) I -> O: 1.099 ns
        inmux_17_23_70870_70912 (InMux) I -> O: 0.662 ns
        lc40_17_23_5 (LogicCell40) in0 -> lcout: 1.285 ns
    36.350 ns net_66982 (soc.cpu.instr_fence_SB_DFFESR_Q_D_SB_LUT4_O_I3_SB_LUT4_O_I2[1])
        odrv_17_23_66982_67130 (Odrv4) I -> O: 0.649 ns
        t19803 (LocalMux) I -> O: 1.099 ns
        inmux_17_26_71225_71266 (InMux) I -> O: 0.662 ns
        lc40_17_26_2 (LogicCell40) in3 -> lcout: 0.874 ns
    39.635 ns net_67348 (soc.cpu.mem_xfer_SB_LUT4_O_I2_SB_LUT4_I2_O_SB_LUT4_I3_I1[3])
        odrv_17_26_67348_67255 (Odrv4) I -> O: 0.649 ns
        t19933 (Span4Mux_h4) I -> O: 0.543 ns
        t19932 (LocalMux) I -> O: 1.099 ns
        inmux_13_27_56029_56058 (InMux) I -> O: 0.662 ns
        lc40_13_27_1 (LogicCell40) in0 -> lcout: 1.285 ns
    43.873 ns net_52148 (soc.cpu.is_sll_srl_sra_SB_LUT4_I1_I2_SB_LUT4_I2_O_SB_LUT4_O_I3[1])
        t15783 (LocalMux) I -> O: 1.099 ns
        inmux_12_28_52320_52358 (InMux) I -> O: 0.662 ns
        t2233 (CascadeMux) I -> O: 0.000 ns
        lc40_12_28_2 (LogicCell40) in2 -> lcout: 1.205 ns
    46.840 ns net_48441 (soc.cpu.is_sll_srl_sra_SB_LUT4_I1_I2_SB_LUT4_I2_O_SB_LUT4_O_I3_SB_LUT4_I3_1_O[3])
        t14806 (LocalMux) I -> O: 1.099 ns
        inmux_11_27_48383_48396 (InMux) I -> O: 0.662 ns
        lc40_11_27_1 (LogicCell40) in0 -> lcout: 1.285 ns
    49.886 ns net_44486 (soc.cpu.instr_sb_SB_LUT4_I1_I3[2])
        t13551 (LocalMux) I -> O: 1.099 ns
        inmux_10_26_44428_44436 (InMux) I -> O: 0.662 ns
        lc40_10_26_0 (LogicCell40) in0 -> lcout: 1.285 ns
    52.933 ns net_40531 (soc.cpu.instr_sra_SB_LUT4_I2_O[3])
        odrv_10_26_40531_44140 (Odrv4) I -> O: 0.649 ns
        t12625 (Span4Mux_h4) I -> O: 0.543 ns
        t12624 (Span4Mux_v4) I -> O: 0.649 ns
        t12623 (LocalMux) I -> O: 1.099 ns
        inmux_7_21_32300_32341 (InMux) I -> O: 0.662 ns
        lc40_7_21_2 (LogicCell40) in1 -> lcout: 1.232 ns
    57.767 ns net_28605 (soc.cpu.reg_op1_SB_DFFE_Q_E_SB_LUT4_O_I2_SB_LUT4_I2_O)
        odrv_7_21_28605_28458 (Odrv4) I -> O: 0.649 ns
        t8990 (Span4Mux_v4) I -> O: 0.649 ns
        t8989 (Span4Mux_v4) I -> O: 0.649 ns
        t8988 (LocalMux) I -> O: 1.099 ns
        inmux_7_11_31083_31144 (CEMux) I -> O: 0.702 ns
    61.515 ns net_31144 (soc.cpu.reg_op1_SB_DFFE_Q_E_SB_LUT4_O_I2_SB_LUT4_I2_O)
        lc40_7_11_7 (LogicCell40) ce [setup]: 0.000 ns
    61.515 ns net_27590 (soc.cpu.pcpi_rs1[11])

Resolvable net names on path:
     1.491 ns ..  4.550 ns iomem_addr[22]
     5.835 ns ..  8.245 ns soc.memory.addr_SB_LUT4_O_7_I1[1]
     9.451 ns .. 11.212 ns iomem_ready_SB_LUT4_I2_O_SB_LUT4_O_I1[3]
    12.444 ns .. 14.205 ns soc.gen_dmem_lookahead.dmem_lookahead_buffer_inst.la_valid_SB_LUT4_I3_1_O[3]
    15.490 ns .. 17.252 ns soc.ram_ready_SB_LUT4_I0_I2[2]
    18.536 ns .. 21.596 ns iomem_ready_SB_LUT4_I2_O_SB_LUT4_O_I2[2]
    22.828 ns .. 25.781 ns flash_clk_SB_LUT4_I1_O[2]
    27.013 ns .. 30.072 ns soc.cpu.mem_xfer_SB_LUT4_O_I2_SB_LUT4_O_I2[2]
    31.357 ns .. 35.066 ns soc.cpu.mem_xfer_SB_LUT4_O_I2[2]
    36.350 ns .. 38.761 ns soc.cpu.instr_fence_SB_DFFESR_Q_D_SB_LUT4_O_I3_SB_LUT4_O_I2[1]
    39.635 ns .. 42.589 ns soc.cpu.mem_xfer_SB_LUT4_O_I2_SB_LUT4_I2_O_SB_LUT4_I3_I1[3]
    43.873 ns .. 45.635 ns soc.cpu.is_sll_srl_sra_SB_LUT4_I1_I2_SB_LUT4_I2_O_SB_LUT4_O_I3[1]
    46.840 ns .. 48.602 ns soc.cpu.is_sll_srl_sra_SB_LUT4_I1_I2_SB_LUT4_I2_O_SB_LUT4_O_I3_SB_LUT4_I3_1_O[3]
    49.886 ns .. 51.648 ns soc.cpu.instr_sb_SB_LUT4_I1_I3[2]
    52.933 ns .. 56.535 ns soc.cpu.instr_sra_SB_LUT4_I2_O[3]
    57.767 ns .. 61.515 ns soc.cpu.reg_op1_SB_DFFE_Q_E_SB_LUT4_O_I2_SB_LUT4_I2_O
                  lcout -> soc.cpu.pcpi_rs1[11]

Total number of logic levels: 16
Total path delay: 61.51 ns (16.26 MHz)

