Archive member included to satisfy reference by file (symbol)

/usr/lib/gcc/riscv64-unknown-elf/13.2.0/rv32im/ilp32/libgcc.a(_divdi3.o)
                              firmware/multest.o (__divdi3)
/usr/lib/gcc/riscv64-unknown-elf/13.2.0/rv32im/ilp32/libgcc.a(_moddi3.o)
                              firmware/multest.o (__moddi3)
/usr/lib/gcc/riscv64-unknown-elf/13.2.0/rv32im/ilp32/libgcc.a(_udivdi3.o)
                              firmware/multest.o (__udivdi3)
/usr/lib/gcc/riscv64-unknown-elf/13.2.0/rv32im/ilp32/libgcc.a(_umoddi3.o)
                              firmware/multest.o (__umoddi3)
/usr/lib/gcc/riscv64-unknown-elf/13.2.0/rv32im/ilp32/libgcc.a(muldi3.o)
                              firmware/multest.o (__mulsi3)
/usr/lib/gcc/riscv64-unknown-elf/13.2.0/rv32im/ilp32/libgcc.a(multi3.o)
                              firmware/multest.o (__muldi3)
/usr/lib/gcc/riscv64-unknown-elf/13.2.0/rv32im/ilp32/libgcc.a(div.o)
                              firmware/print.o (__udivsi3)
/usr/lib/gcc/riscv64-unknown-elf/13.2.0/rv32im/ilp32/libgcc.a(_clz.o)
                              /usr/lib/gcc/riscv64-unknown-elf/13.2.0/rv32im/ilp32/libgcc.a(_divdi3.o) (__clz_tab)

Discarded input sections

 .debug_info    0x00000000      0x793 /usr/lib/gcc/riscv64-unknown-elf/13.2.0/rv32im/ilp32/libgcc.a(_divdi3.o)
 .debug_abbrev  0x00000000      0x1bf /usr/lib/gcc/riscv64-unknown-elf/13.2.0/rv32im/ilp32/libgcc.a(_divdi3.o)
 .debug_loclists
                0x00000000      0x5b6 /usr/lib/gcc/riscv64-unknown-elf/13.2.0/rv32im/ilp32/libgcc.a(_divdi3.o)
 .debug_aranges
                0x00000000       0x20 /usr/lib/gcc/riscv64-unknown-elf/13.2.0/rv32im/ilp32/libgcc.a(_divdi3.o)
 .debug_rnglists
                0x00000000       0x94 /usr/lib/gcc/riscv64-unknown-elf/13.2.0/rv32im/ilp32/libgcc.a(_divdi3.o)
 .debug_line    0x00000000      0x9ae /usr/lib/gcc/riscv64-unknown-elf/13.2.0/rv32im/ilp32/libgcc.a(_divdi3.o)
 .debug_str     0x00000000      0x23d /usr/lib/gcc/riscv64-unknown-elf/13.2.0/rv32im/ilp32/libgcc.a(_divdi3.o)
 .debug_line_str
                0x00000000      0x148 /usr/lib/gcc/riscv64-unknown-elf/13.2.0/rv32im/ilp32/libgcc.a(_divdi3.o)
 .debug_info    0x00000000      0x7e8 /usr/lib/gcc/riscv64-unknown-elf/13.2.0/rv32im/ilp32/libgcc.a(_moddi3.o)
 .debug_abbrev  0x00000000      0x1ca /usr/lib/gcc/riscv64-unknown-elf/13.2.0/rv32im/ilp32/libgcc.a(_moddi3.o)
 .debug_loclists
                0x00000000      0x528 /usr/lib/gcc/riscv64-unknown-elf/13.2.0/rv32im/ilp32/libgcc.a(_moddi3.o)
 .debug_aranges
                0x00000000       0x20 /usr/lib/gcc/riscv64-unknown-elf/13.2.0/rv32im/ilp32/libgcc.a(_moddi3.o)
 .debug_rnglists
                0x00000000       0x65 /usr/lib/gcc/riscv64-unknown-elf/13.2.0/rv32im/ilp32/libgcc.a(_moddi3.o)
 .debug_line    0x00000000      0xa4e /usr/lib/gcc/riscv64-unknown-elf/13.2.0/rv32im/ilp32/libgcc.a(_moddi3.o)
 .debug_str     0x00000000      0x23d /usr/lib/gcc/riscv64-unknown-elf/13.2.0/rv32im/ilp32/libgcc.a(_moddi3.o)
 .debug_line_str
                0x00000000      0x148 /usr/lib/gcc/riscv64-unknown-elf/13.2.0/rv32im/ilp32/libgcc.a(_moddi3.o)
 .debug_info    0x00000000      0x761 /usr/lib/gcc/riscv64-unknown-elf/13.2.0/rv32im/ilp32/libgcc.a(_udivdi3.o)
 .debug_abbrev  0x00000000      0x1a6 /usr/lib/gcc/riscv64-unknown-elf/13.2.0/rv32im/ilp32/libgcc.a(_udivdi3.o)
 .debug_loclists
                0x00000000      0x704 /usr/lib/gcc/riscv64-unknown-elf/13.2.0/rv32im/ilp32/libgcc.a(_udivdi3.o)
 .debug_aranges
                0x00000000       0x20 /usr/lib/gcc/riscv64-unknown-elf/13.2.0/rv32im/ilp32/libgcc.a(_udivdi3.o)
 .debug_rnglists
                0x00000000       0x99 /usr/lib/gcc/riscv64-unknown-elf/13.2.0/rv32im/ilp32/libgcc.a(_udivdi3.o)
 .debug_line    0x00000000      0x905 /usr/lib/gcc/riscv64-unknown-elf/13.2.0/rv32im/ilp32/libgcc.a(_udivdi3.o)
 .debug_str     0x00000000      0x23e /usr/lib/gcc/riscv64-unknown-elf/13.2.0/rv32im/ilp32/libgcc.a(_udivdi3.o)
 .debug_line_str
                0x00000000      0x148 /usr/lib/gcc/riscv64-unknown-elf/13.2.0/rv32im/ilp32/libgcc.a(_udivdi3.o)
 .debug_info    0x00000000      0x7b4 /usr/lib/gcc/riscv64-unknown-elf/13.2.0/rv32im/ilp32/libgcc.a(_umoddi3.o)
 .debug_abbrev  0x00000000      0x1aa /usr/lib/gcc/riscv64-unknown-elf/13.2.0/rv32im/ilp32/libgcc.a(_umoddi3.o)
 .debug_loclists
                0x00000000      0x586 /usr/lib/gcc/riscv64-unknown-elf/13.2.0/rv32im/ilp32/libgcc.a(_umoddi3.o)
 .debug_aranges
                0x00000000       0x20 /usr/lib/gcc/riscv64-unknown-elf/13.2.0/rv32im/ilp32/libgcc.a(_umoddi3.o)
 .debug_rnglists
                0x00000000       0x66 /usr/lib/gcc/riscv64-unknown-elf/13.2.0/rv32im/ilp32/libgcc.a(_umoddi3.o)
 .debug_line    0x00000000      0x963 /usr/lib/gcc/riscv64-unknown-elf/13.2.0/rv32im/ilp32/libgcc.a(_umoddi3.o)
 .debug_str     0x00000000      0x23e /usr/lib/gcc/riscv64-unknown-elf/13.2.0/rv32im/ilp32/libgcc.a(_umoddi3.o)
 .debug_line_str
                0x00000000      0x148 /usr/lib/gcc/riscv64-unknown-elf/13.2.0/rv32im/ilp32/libgcc.a(_umoddi3.o)
 .debug_line    0x00000000       0x7a /usr/lib/gcc/riscv64-unknown-elf/13.2.0/rv32im/ilp32/libgcc.a(muldi3.o)
 .debug_line_str
                0x00000000       0xa6 /usr/lib/gcc/riscv64-unknown-elf/13.2.0/rv32im/ilp32/libgcc.a(muldi3.o)
 .debug_info    0x00000000       0x31 /usr/lib/gcc/riscv64-unknown-elf/13.2.0/rv32im/ilp32/libgcc.a(muldi3.o)
 .debug_abbrev  0x00000000       0x28 /usr/lib/gcc/riscv64-unknown-elf/13.2.0/rv32im/ilp32/libgcc.a(muldi3.o)
 .debug_aranges
                0x00000000       0x20 /usr/lib/gcc/riscv64-unknown-elf/13.2.0/rv32im/ilp32/libgcc.a(muldi3.o)
 .debug_str     0x00000000       0xbb /usr/lib/gcc/riscv64-unknown-elf/13.2.0/rv32im/ilp32/libgcc.a(muldi3.o)
 .debug_info    0x00000000      0x1e9 /usr/lib/gcc/riscv64-unknown-elf/13.2.0/rv32im/ilp32/libgcc.a(multi3.o)
 .debug_abbrev  0x00000000      0x115 /usr/lib/gcc/riscv64-unknown-elf/13.2.0/rv32im/ilp32/libgcc.a(multi3.o)
 .debug_loclists
                0x00000000       0xa6 /usr/lib/gcc/riscv64-unknown-elf/13.2.0/rv32im/ilp32/libgcc.a(multi3.o)
 .debug_aranges
                0x00000000       0x20 /usr/lib/gcc/riscv64-unknown-elf/13.2.0/rv32im/ilp32/libgcc.a(multi3.o)
 .debug_line    0x00000000      0x1f8 /usr/lib/gcc/riscv64-unknown-elf/13.2.0/rv32im/ilp32/libgcc.a(multi3.o)
 .debug_str     0x00000000      0x1f9 /usr/lib/gcc/riscv64-unknown-elf/13.2.0/rv32im/ilp32/libgcc.a(multi3.o)
 .debug_line_str
                0x00000000      0x180 /usr/lib/gcc/riscv64-unknown-elf/13.2.0/rv32im/ilp32/libgcc.a(multi3.o)
 .debug_frame   0x00000000       0x20 /usr/lib/gcc/riscv64-unknown-elf/13.2.0/rv32im/ilp32/libgcc.a(multi3.o)
 .debug_line    0x00000000      0x153 /usr/lib/gcc/riscv64-unknown-elf/13.2.0/rv32im/ilp32/libgcc.a(div.o)
 .debug_line_str
                0x00000000       0xa3 /usr/lib/gcc/riscv64-unknown-elf/13.2.0/rv32im/ilp32/libgcc.a(div.o)
 .debug_info    0x00000000       0x5f /usr/lib/gcc/riscv64-unknown-elf/13.2.0/rv32im/ilp32/libgcc.a(div.o)
 .debug_abbrev  0x00000000       0x28 /usr/lib/gcc/riscv64-unknown-elf/13.2.0/rv32im/ilp32/libgcc.a(div.o)
 .debug_aranges
                0x00000000       0x20 /usr/lib/gcc/riscv64-unknown-elf/13.2.0/rv32im/ilp32/libgcc.a(div.o)
 .debug_str     0x00000000       0xe8 /usr/lib/gcc/riscv64-unknown-elf/13.2.0/rv32im/ilp32/libgcc.a(div.o)
 .debug_info    0x00000000       0xd8 /usr/lib/gcc/riscv64-unknown-elf/13.2.0/rv32im/ilp32/libgcc.a(_clz.o)
 .debug_abbrev  0x00000000       0x70 /usr/lib/gcc/riscv64-unknown-elf/13.2.0/rv32im/ilp32/libgcc.a(_clz.o)
 .debug_aranges
                0x00000000       0x18 /usr/lib/gcc/riscv64-unknown-elf/13.2.0/rv32im/ilp32/libgcc.a(_clz.o)
 .debug_line    0x00000000       0x3f /usr/lib/gcc/riscv64-unknown-elf/13.2.0/rv32im/ilp32/libgcc.a(_clz.o)
 .debug_str     0x00000000      0x18b /usr/lib/gcc/riscv64-unknown-elf/13.2.0/rv32im/ilp32/libgcc.a(_clz.o)
 .debug_line_str
                0x00000000      0x148 /usr/lib/gcc/riscv64-unknown-elf/13.2.0/rv32im/ilp32/libgcc.a(_clz.o)

Memory Configuration

Name             Origin             Length             Attributes
mem              0x00000000         0x00018000
*default*        0x00000000         0xffffffff

Linker script and memory map


.memory         0x00000000     0xcb70
                0x00000000                        . = 0x0
 start*(.text)
 *(.text)
 .text          0x00000000      0x89c firmware/start.o
                0x000004d2                lui_ret
                0x000004de                auipc_ret
                0x000004ea                j_ret
                0x000004f6                jal_ret
                0x00000502                jalr_ret
                0x0000050e                beq_ret
                0x0000051a                bne_ret
                0x00000526                blt_ret
                0x00000532                bge_ret
                0x0000053e                bltu_ret
                0x0000054a                bgeu_ret
                0x00000556                lb_ret
                0x00000562                lh_ret
                0x0000056e                lw_ret
                0x0000057a                lbu_ret
                0x00000586                lhu_ret
                0x00000592                sb_ret
                0x0000059e                sh_ret
                0x000005aa                sw_ret
                0x000005b6                addi_ret
                0x000005c2                slti_ret
                0x000005ce                xori_ret
                0x000005da                ori_ret
                0x000005e6                andi_ret
                0x000005f2                slli_ret
                0x000005fe                srli_ret
                0x0000060a                srai_ret
                0x00000616                add_ret
                0x00000622                sub_ret
                0x0000062e                sll_ret
                0x0000063a                slt_ret
                0x00000646                xor_ret
                0x00000652                srl_ret
                0x0000065e                sra_ret
                0x0000066a                or_ret
                0x00000676                and_ret
                0x00000682                mulh_ret
                0x0000068e                mulhsu_ret
                0x0000069a                mulhu_ret
                0x000006a6                mul_ret
                0x000006b2                div_ret
                0x000006be                divu_ret
                0x000006ca                rem_ret
                0x000006d6                remu_ret
                0x000006e2                simple_ret
                0x0000072c                hard_mul
                0x00000732                hard_mulh
                0x00000738                hard_mulhsu
                0x0000073e                hard_mulhu
                0x00000744                hard_div
                0x0000074a                hard_divu
                0x00000750                hard_rem
                0x00000756                hard_remu
 .text          0x0000089c      0x296 firmware/irq.o
                0x0000089c                irq
 .text          0x00000b32       0x90 firmware/print.o
                0x00000b32                print_chr
                0x00000b3a                print_str
                0x00000b4c                print_dec
                0x00000b9c                print_hex
 .text          0x00000bc2        0x8 firmware/hello.o
                0x00000bc2                hello
 .text          0x00000bca      0x190 firmware/sieve.o
                0x00000c66                sieve
 .text          0x00000d5a      0x2f0 firmware/multest.o
                0x00000d78                multest
 .text          0x0000104a      0x11c firmware/stats.o
                0x000010de                stats
 *fill*         0x00001166        0x2 
 .text          0x00001168      0x560 tests/add.o
                0x00001168                add
 .text          0x000016c8      0x30c tests/addi.o
                0x000016c8                addi
 .text          0x000019d4      0x538 tests/and.o
                0x000019d4                and
 .text          0x00001f0c      0x244 tests/andi.o
                0x00001f0c                andi
 .text          0x00002150       0xcc tests/auipc.o
                0x00002150                auipc
 .text          0x0000221c      0x340 tests/beq.o
                0x0000221c                beq
 .text          0x0000255c      0x3a0 tests/bge.o
                0x0000255c                bge
 .text          0x000028fc      0x3d8 tests/bgeu.o
                0x000028fc                bgeu
 .text          0x00002cd4      0x340 tests/blt.o
                0x00002cd4                blt
 .text          0x00003014      0x378 tests/bltu.o
                0x00003014                bltu
 .text          0x0000338c      0x344 tests/bne.o
                0x0000338c                bne
 .text          0x000036d0      0x15c tests/div.o
                0x000036d0                div
 .text          0x0000382c      0x164 tests/divu.o
                0x0000382c                divu
 .text          0x00003990       0xbc tests/j.o
                0x00003990                j
 .text          0x00003a4c       0xd8 tests/jal.o
                0x00003a4c                jal
 .text          0x00003b24      0x184 tests/jalr.o
                0x00003b24                jalr
 .text          0x00003ca8      0x2cc tests/lb.o
                0x00003ca8                lb
 .text          0x00003f74      0x2cc tests/lbu.o
                0x00003f74                lbu
 .text          0x00004240      0x2ec tests/lh.o
                0x00004240                lh
 .text          0x0000452c      0x300 tests/lhu.o
                0x0000452c                lhu
 .text          0x0000482c       0xe0 tests/lui.o
                0x0000482c                lui
 .text          0x0000490c      0x30c tests/lw.o
                0x0000490c                lw
 .text          0x00004c18      0x548 tests/mul.o
                0x00004c18                mul
 .text          0x00005160      0x54c tests/mulh.o
                0x00005160                mulh
 .text          0x000056ac      0x54c tests/mulhsu.o
                0x000056ac                mulhsu
 .text          0x00005bf8      0x54c tests/mulhu.o
                0x00005bf8                mulhu
 .text          0x00006144      0x544 tests/or.o
                0x00006144                or
 .text          0x00006688      0x25c tests/ori.o
                0x00006688                ori
 .text          0x000068e4      0x15c tests/rem.o
                0x000068e4                rem
 .text          0x00006a40      0x160 tests/remu.o
                0x00006a40                remu
 .text          0x00006ba0      0x474 tests/sb.o
                0x00006ba0                sb
 .text          0x00007014      0x4f8 tests/sh.o
                0x00007014                sh
 .text          0x0000750c       0x54 tests/simple.o
                0x0000750c                simple
 .text          0x00007560      0x5ec tests/sll.o
                0x00007560                sll
 .text          0x00007b4c      0x308 tests/slli.o
                0x00007b4c                slli
 .text          0x00007e54      0x548 tests/slt.o
                0x00007e54                slt
 .text          0x0000839c      0x2f8 tests/slti.o
                0x0000839c                slti
 .text          0x00008694      0x61c tests/sra.o
                0x00008694                sra
 .text          0x00008cb0      0x33c tests/srai.o
                0x00008cb0                srai
 .text          0x00008fec      0x63c tests/srl.o
                0x00008fec                srl
 .text          0x00009628      0x338 tests/srli.o
                0x00009628                srli
 .text          0x00009960      0x540 tests/sub.o
                0x00009960                sub
 .text          0x00009ea0      0x504 tests/sw.o
                0x00009ea0                sw
 .text          0x0000a3a4      0x540 tests/xor.o
                0x0000a3a4                xor
 .text          0x0000a8e4      0x268 tests/xori.o
                0x0000a8e4                xori
 .text          0x0000ab4c      0x478 /usr/lib/gcc/riscv64-unknown-elf/13.2.0/rv32im/ilp32/libgcc.a(_divdi3.o)
                0x0000ab4c                __divdi3
 .text          0x0000afc4      0x450 /usr/lib/gcc/riscv64-unknown-elf/13.2.0/rv32im/ilp32/libgcc.a(_moddi3.o)
                0x0000afc4                __moddi3
 .text          0x0000b414      0x430 /usr/lib/gcc/riscv64-unknown-elf/13.2.0/rv32im/ilp32/libgcc.a(_udivdi3.o)
                0x0000b414                __udivdi3
 .text          0x0000b844      0x3e4 /usr/lib/gcc/riscv64-unknown-elf/13.2.0/rv32im/ilp32/libgcc.a(_umoddi3.o)
                0x0000b844                __umoddi3
 .text          0x0000bc28       0x24 /usr/lib/gcc/riscv64-unknown-elf/13.2.0/rv32im/ilp32/libgcc.a(muldi3.o)
                0x0000bc28                __mulsi3
 .text          0x0000bc4c       0x6c /usr/lib/gcc/riscv64-unknown-elf/13.2.0/rv32im/ilp32/libgcc.a(multi3.o)
                0x0000bc4c                __muldi3
 .text          0x0000bcb8       0xb4 /usr/lib/gcc/riscv64-unknown-elf/13.2.0/rv32im/ilp32/libgcc.a(div.o)
                0x0000bcb8                __divsi3
                0x0000bcc0                __hidden___udivsi3
                0x0000bcc0                __udivsi3
                0x0000bd08                __umodsi3
                0x0000bd3c                __modsi3
 .text          0x0000bd6c        0x0 /usr/lib/gcc/riscv64-unknown-elf/13.2.0/rv32im/ilp32/libgcc.a(_clz.o)
 *(*)
 .data          0x0000bd6c        0x0 firmware/start.o
 .bss           0x0000bd6c        0x0 firmware/start.o
 .riscv.attributes
                0x0000bd6c       0x2d firmware/start.o
 .data          0x0000bd99        0x0 firmware/irq.o
 .bss           0x0000bd99        0x0 firmware/irq.o
 *fill*         0x0000bd99        0x3 
 .rodata.str1.4
                0x0000bd9c      0x25a firmware/irq.o
                                0x16b (size before relaxing)
 *fill*         0x0000bff6        0x2 
 .sbss          0x0000bff8        0xc firmware/irq.o
 .comment       0x0000c004       0x22 firmware/irq.o
                                 0x23 (size before relaxing)
 .riscv.attributes
                0x0000c026       0x21 firmware/irq.o
 .data          0x0000c047        0x0 firmware/print.o
 .bss           0x0000c047        0x0 firmware/print.o
 .rodata.str1.4
                0x0000c047       0x11 firmware/print.o
 .comment       0x0000c047       0x23 firmware/print.o
 .riscv.attributes
                0x0000c047       0x21 firmware/print.o
 .data          0x0000c068        0x0 firmware/hello.o
 .bss           0x0000c068        0x0 firmware/hello.o
 .rodata.str1.4
                0x0000c068        0xd firmware/hello.o
 .comment       0x0000c068       0x23 firmware/hello.o
 .riscv.attributes
                0x0000c068       0x21 firmware/hello.o
 .data          0x0000c089        0x0 firmware/sieve.o
 .bss           0x0000c089        0x0 firmware/sieve.o
 .rodata.str1.4
                0x0000c089       0x40 firmware/sieve.o
 *fill*         0x0000c089        0x3 
 .sbss          0x0000c08c        0xc firmware/sieve.o
 .comment       0x0000c098       0x23 firmware/sieve.o
 .riscv.attributes
                0x0000c098       0x21 firmware/sieve.o
 .data          0x0000c0b9        0x0 firmware/multest.o
 .bss           0x0000c0b9        0x0 firmware/multest.o
 .rodata.str1.4
                0x0000c0b9       0x58 firmware/multest.o
 *fill*         0x0000c0b9        0x3 
 .sdata         0x0000c0bc        0x4 firmware/multest.o
 .comment       0x0000c0c0       0x23 firmware/multest.o
 .riscv.attributes
                0x0000c0c0       0x21 firmware/multest.o
 .data          0x0000c0e1        0x0 firmware/stats.o
 .bss           0x0000c0e1        0x0 firmware/stats.o
 .rodata.str1.4
                0x0000c0e1       0x3e firmware/stats.o
 .comment       0x0000c0e1       0x23 firmware/stats.o
 .riscv.attributes
                0x0000c0e1       0x21 firmware/stats.o
 *fill*         0x0000c102        0x2 
 .data          0x0000c104        0x0 tests/add.o
 .bss           0x0000c104        0x0 tests/add.o
 .riscv.attributes
                0x0000c104       0x28 tests/add.o
 .data          0x0000c12c        0x0 tests/addi.o
 .bss           0x0000c12c        0x0 tests/addi.o
 .riscv.attributes
                0x0000c12c       0x28 tests/addi.o
 .data          0x0000c154        0x0 tests/and.o
 .bss           0x0000c154        0x0 tests/and.o
 .riscv.attributes
                0x0000c154       0x28 tests/and.o
 .data          0x0000c17c        0x0 tests/andi.o
 .bss           0x0000c17c        0x0 tests/andi.o
 .riscv.attributes
                0x0000c17c       0x28 tests/andi.o
 .data          0x0000c1a4        0x0 tests/auipc.o
 .bss           0x0000c1a4        0x0 tests/auipc.o
 .riscv.attributes
                0x0000c1a4       0x28 tests/auipc.o
 .data          0x0000c1cc        0x0 tests/beq.o
 .bss           0x0000c1cc        0x0 tests/beq.o
 .riscv.attributes
                0x0000c1cc       0x28 tests/beq.o
 .data          0x0000c1f4        0x0 tests/bge.o
 .bss           0x0000c1f4        0x0 tests/bge.o
 .riscv.attributes
                0x0000c1f4       0x28 tests/bge.o
 .data          0x0000c21c        0x0 tests/bgeu.o
 .bss           0x0000c21c        0x0 tests/bgeu.o
 .riscv.attributes
                0x0000c21c       0x28 tests/bgeu.o
 .data          0x0000c244        0x0 tests/blt.o
 .bss           0x0000c244        0x0 tests/blt.o
 .riscv.attributes
                0x0000c244       0x28 tests/blt.o
 .data          0x0000c26c        0x0 tests/bltu.o
 .bss           0x0000c26c        0x0 tests/bltu.o
 .riscv.attributes
                0x0000c26c       0x28 tests/bltu.o
 .data          0x0000c294        0x0 tests/bne.o
 .bss           0x0000c294        0x0 tests/bne.o
 .riscv.attributes
                0x0000c294       0x28 tests/bne.o
 .data          0x0000c2bc        0x0 tests/div.o
 .bss           0x0000c2bc        0x0 tests/div.o
 .riscv.attributes
                0x0000c2bc       0x28 tests/div.o
 .data          0x0000c2e4        0x0 tests/divu.o
 .bss           0x0000c2e4        0x0 tests/divu.o
 .riscv.attributes
                0x0000c2e4       0x28 tests/divu.o
 .data          0x0000c30c        0x0 tests/j.o
 .bss           0x0000c30c        0x0 tests/j.o
 .riscv.attributes
                0x0000c30c       0x28 tests/j.o
 .data          0x0000c334        0x0 tests/jal.o
 .bss           0x0000c334        0x0 tests/jal.o
 .riscv.attributes
                0x0000c334       0x28 tests/jal.o
 .data          0x0000c35c        0x0 tests/jalr.o
 .bss           0x0000c35c        0x0 tests/jalr.o
 .riscv.attributes
                0x0000c35c       0x28 tests/jalr.o
 .data          0x0000c384        0x4 tests/lb.o
 .bss           0x0000c388        0x0 tests/lb.o
 .riscv.attributes
                0x0000c388       0x28 tests/lb.o
 .data          0x0000c3b0        0x4 tests/lbu.o
 .bss           0x0000c3b4        0x0 tests/lbu.o
 .riscv.attributes
                0x0000c3b4       0x28 tests/lbu.o
 .data          0x0000c3dc        0x8 tests/lh.o
 .bss           0x0000c3e4        0x0 tests/lh.o
 .riscv.attributes
                0x0000c3e4       0x28 tests/lh.o
 .data          0x0000c40c        0x8 tests/lhu.o
 .bss           0x0000c414        0x0 tests/lhu.o
 .riscv.attributes
                0x0000c414       0x28 tests/lhu.o
 .data          0x0000c43c        0x0 tests/lui.o
 .bss           0x0000c43c        0x0 tests/lui.o
 .riscv.attributes
                0x0000c43c       0x28 tests/lui.o
 .data          0x0000c464       0x10 tests/lw.o
 .bss           0x0000c474        0x0 tests/lw.o
 .riscv.attributes
                0x0000c474       0x28 tests/lw.o
 .data          0x0000c49c        0x0 tests/mul.o
 .bss           0x0000c49c        0x0 tests/mul.o
 .riscv.attributes
                0x0000c49c       0x28 tests/mul.o
 .data          0x0000c4c4        0x0 tests/mulh.o
 .bss           0x0000c4c4        0x0 tests/mulh.o
 .riscv.attributes
                0x0000c4c4       0x28 tests/mulh.o
 .data          0x0000c4ec        0x0 tests/mulhsu.o
 .bss           0x0000c4ec        0x0 tests/mulhsu.o
 .riscv.attributes
                0x0000c4ec       0x28 tests/mulhsu.o
 .data          0x0000c514        0x0 tests/mulhu.o
 .bss           0x0000c514        0x0 tests/mulhu.o
 .riscv.attributes
                0x0000c514       0x28 tests/mulhu.o
 .data          0x0000c53c        0x0 tests/or.o
 .bss           0x0000c53c        0x0 tests/or.o
 .riscv.attributes
                0x0000c53c       0x28 tests/or.o
 .data          0x0000c564        0x0 tests/ori.o
 .bss           0x0000c564        0x0 tests/ori.o
 .riscv.attributes
                0x0000c564       0x28 tests/ori.o
 .data          0x0000c58c        0x0 tests/rem.o
 .bss           0x0000c58c        0x0 tests/rem.o
 .riscv.attributes
                0x0000c58c       0x28 tests/rem.o
 .data          0x0000c5b4        0x0 tests/remu.o
 .bss           0x0000c5b4        0x0 tests/remu.o
 .riscv.attributes
                0x0000c5b4       0x28 tests/remu.o
 .data          0x0000c5dc        0xa tests/sb.o
 .bss           0x0000c5e6        0x0 tests/sb.o
 .riscv.attributes
                0x0000c5e6       0x28 tests/sb.o
 *fill*         0x0000c60e        0x2 
 .data          0x0000c610       0x14 tests/sh.o
 .bss           0x0000c624        0x0 tests/sh.o
 .riscv.attributes
                0x0000c624       0x28 tests/sh.o
 .data          0x0000c64c        0x0 tests/simple.o
 .bss           0x0000c64c        0x0 tests/simple.o
 .riscv.attributes
                0x0000c64c       0x28 tests/simple.o
 .data          0x0000c674        0x0 tests/sll.o
 .bss           0x0000c674        0x0 tests/sll.o
 .riscv.attributes
                0x0000c674       0x28 tests/sll.o
 .data          0x0000c69c        0x0 tests/slli.o
 .bss           0x0000c69c        0x0 tests/slli.o
 .riscv.attributes
                0x0000c69c       0x28 tests/slli.o
 .data          0x0000c6c4        0x0 tests/slt.o
 .bss           0x0000c6c4        0x0 tests/slt.o
 .riscv.attributes
                0x0000c6c4       0x28 tests/slt.o
 .data          0x0000c6ec        0x0 tests/slti.o
 .bss           0x0000c6ec        0x0 tests/slti.o
 .riscv.attributes
                0x0000c6ec       0x28 tests/slti.o
 .data          0x0000c714        0x0 tests/sra.o
 .bss           0x0000c714        0x0 tests/sra.o
 .riscv.attributes
                0x0000c714       0x28 tests/sra.o
 .data          0x0000c73c        0x0 tests/srai.o
 .bss           0x0000c73c        0x0 tests/srai.o
 .riscv.attributes
                0x0000c73c       0x28 tests/srai.o
 .data          0x0000c764        0x0 tests/srl.o
 .bss           0x0000c764        0x0 tests/srl.o
 .riscv.attributes
                0x0000c764       0x28 tests/srl.o
 .data          0x0000c78c        0x0 tests/srli.o
 .bss           0x0000c78c        0x0 tests/srli.o
 .riscv.attributes
                0x0000c78c       0x28 tests/srli.o
 .data          0x0000c7b4        0x0 tests/sub.o
 .bss           0x0000c7b4        0x0 tests/sub.o
 .riscv.attributes
                0x0000c7b4       0x28 tests/sub.o
 .data          0x0000c7dc       0x28 tests/sw.o
 .bss           0x0000c804        0x0 tests/sw.o
 .riscv.attributes
                0x0000c804       0x28 tests/sw.o
 .data          0x0000c82c        0x0 tests/xor.o
 .bss           0x0000c82c        0x0 tests/xor.o
 .riscv.attributes
                0x0000c82c       0x28 tests/xor.o
 .data          0x0000c854        0x0 tests/xori.o
 .bss           0x0000c854        0x0 tests/xori.o
 .riscv.attributes
                0x0000c854       0x28 tests/xori.o
 .data          0x0000c87c        0x0 /usr/lib/gcc/riscv64-unknown-elf/13.2.0/rv32im/ilp32/libgcc.a(_divdi3.o)
 .bss           0x0000c87c        0x0 /usr/lib/gcc/riscv64-unknown-elf/13.2.0/rv32im/ilp32/libgcc.a(_divdi3.o)
 .comment       0x0000c87c       0x23 /usr/lib/gcc/riscv64-unknown-elf/13.2.0/rv32im/ilp32/libgcc.a(_divdi3.o)
 .eh_frame      0x0000c87c       0x28 /usr/lib/gcc/riscv64-unknown-elf/13.2.0/rv32im/ilp32/libgcc.a(_divdi3.o)
 .riscv.attributes
                0x0000c8a4       0x2a /usr/lib/gcc/riscv64-unknown-elf/13.2.0/rv32im/ilp32/libgcc.a(_divdi3.o)
 .data          0x0000c8ce        0x0 /usr/lib/gcc/riscv64-unknown-elf/13.2.0/rv32im/ilp32/libgcc.a(_moddi3.o)
 .bss           0x0000c8ce        0x0 /usr/lib/gcc/riscv64-unknown-elf/13.2.0/rv32im/ilp32/libgcc.a(_moddi3.o)
 .comment       0x0000c8ce       0x23 /usr/lib/gcc/riscv64-unknown-elf/13.2.0/rv32im/ilp32/libgcc.a(_moddi3.o)
 *fill*         0x0000c8ce        0x2 
 .eh_frame      0x0000c8d0       0x28 /usr/lib/gcc/riscv64-unknown-elf/13.2.0/rv32im/ilp32/libgcc.a(_moddi3.o)
 .riscv.attributes
                0x0000c8f8       0x2a /usr/lib/gcc/riscv64-unknown-elf/13.2.0/rv32im/ilp32/libgcc.a(_moddi3.o)
 .data          0x0000c922        0x0 /usr/lib/gcc/riscv64-unknown-elf/13.2.0/rv32im/ilp32/libgcc.a(_udivdi3.o)
 .bss           0x0000c922        0x0 /usr/lib/gcc/riscv64-unknown-elf/13.2.0/rv32im/ilp32/libgcc.a(_udivdi3.o)
 .comment       0x0000c922       0x23 /usr/lib/gcc/riscv64-unknown-elf/13.2.0/rv32im/ilp32/libgcc.a(_udivdi3.o)
 *fill*         0x0000c922        0x2 
 .eh_frame      0x0000c924       0x28 /usr/lib/gcc/riscv64-unknown-elf/13.2.0/rv32im/ilp32/libgcc.a(_udivdi3.o)
 .riscv.attributes
                0x0000c94c       0x2a /usr/lib/gcc/riscv64-unknown-elf/13.2.0/rv32im/ilp32/libgcc.a(_udivdi3.o)
 .data          0x0000c976        0x0 /usr/lib/gcc/riscv64-unknown-elf/13.2.0/rv32im/ilp32/libgcc.a(_umoddi3.o)
 .bss           0x0000c976        0x0 /usr/lib/gcc/riscv64-unknown-elf/13.2.0/rv32im/ilp32/libgcc.a(_umoddi3.o)
 .comment       0x0000c976       0x23 /usr/lib/gcc/riscv64-unknown-elf/13.2.0/rv32im/ilp32/libgcc.a(_umoddi3.o)
 *fill*         0x0000c976        0x2 
 .eh_frame      0x0000c978       0x28 /usr/lib/gcc/riscv64-unknown-elf/13.2.0/rv32im/ilp32/libgcc.a(_umoddi3.o)
 .riscv.attributes
                0x0000c9a0       0x2a /usr/lib/gcc/riscv64-unknown-elf/13.2.0/rv32im/ilp32/libgcc.a(_umoddi3.o)
 .data          0x0000c9ca        0x0 /usr/lib/gcc/riscv64-unknown-elf/13.2.0/rv32im/ilp32/libgcc.a(muldi3.o)
 .bss           0x0000c9ca        0x0 /usr/lib/gcc/riscv64-unknown-elf/13.2.0/rv32im/ilp32/libgcc.a(muldi3.o)
 .riscv.attributes
                0x0000c9ca       0x28 /usr/lib/gcc/riscv64-unknown-elf/13.2.0/rv32im/ilp32/libgcc.a(muldi3.o)
 .data          0x0000c9f2        0x0 /usr/lib/gcc/riscv64-unknown-elf/13.2.0/rv32im/ilp32/libgcc.a(multi3.o)
 .bss           0x0000c9f2        0x0 /usr/lib/gcc/riscv64-unknown-elf/13.2.0/rv32im/ilp32/libgcc.a(multi3.o)
 .comment       0x0000c9f2       0x23 /usr/lib/gcc/riscv64-unknown-elf/13.2.0/rv32im/ilp32/libgcc.a(multi3.o)
 .riscv.attributes
                0x0000c9f2       0x2a /usr/lib/gcc/riscv64-unknown-elf/13.2.0/rv32im/ilp32/libgcc.a(multi3.o)
 .data          0x0000ca1c        0x0 /usr/lib/gcc/riscv64-unknown-elf/13.2.0/rv32im/ilp32/libgcc.a(div.o)
 .bss           0x0000ca1c        0x0 /usr/lib/gcc/riscv64-unknown-elf/13.2.0/rv32im/ilp32/libgcc.a(div.o)
 .riscv.attributes
                0x0000ca1c       0x28 /usr/lib/gcc/riscv64-unknown-elf/13.2.0/rv32im/ilp32/libgcc.a(div.o)
 .data          0x0000ca44        0x0 /usr/lib/gcc/riscv64-unknown-elf/13.2.0/rv32im/ilp32/libgcc.a(_clz.o)
 .bss           0x0000ca44        0x0 /usr/lib/gcc/riscv64-unknown-elf/13.2.0/rv32im/ilp32/libgcc.a(_clz.o)
 .rodata        0x0000ca44      0x100 /usr/lib/gcc/riscv64-unknown-elf/13.2.0/rv32im/ilp32/libgcc.a(_clz.o)
                0x0000ca44                __clz_tab
 .comment       0x0000cb44       0x23 /usr/lib/gcc/riscv64-unknown-elf/13.2.0/rv32im/ilp32/libgcc.a(_clz.o)
 .riscv.attributes
                0x0000cb44       0x2a /usr/lib/gcc/riscv64-unknown-elf/13.2.0/rv32im/ilp32/libgcc.a(_clz.o)
                0x0000cb6e                        end = .
                0x0000cb70                        . = ALIGN (0x4)
 *fill*         0x0000cb6e        0x2 
LOAD firmware/start.o
LOAD firmware/irq.o
LOAD firmware/print.o
LOAD firmware/hello.o
LOAD firmware/sieve.o
LOAD firmware/multest.o
LOAD firmware/stats.o
LOAD tests/add.o
LOAD tests/addi.o
LOAD tests/and.o
LOAD tests/andi.o
LOAD tests/auipc.o
LOAD tests/beq.o
LOAD tests/bge.o
LOAD tests/bgeu.o
LOAD tests/blt.o
LOAD tests/bltu.o
LOAD tests/bne.o
LOAD tests/div.o
LOAD tests/divu.o
LOAD tests/j.o
LOAD tests/jal.o
LOAD tests/jalr.o
LOAD tests/lb.o
LOAD tests/lbu.o
LOAD tests/lh.o
LOAD tests/lhu.o
LOAD tests/lui.o
LOAD tests/lw.o
LOAD tests/mul.o
LOAD tests/mulh.o
LOAD tests/mulhsu.o
LOAD tests/mulhu.o
LOAD tests/or.o
LOAD tests/ori.o
LOAD tests/rem.o
LOAD tests/remu.o
LOAD tests/sb.o
LOAD tests/sh.o
LOAD tests/simple.o
LOAD tests/sll.o
LOAD tests/slli.o
LOAD tests/slt.o
LOAD tests/slti.o
LOAD tests/sra.o
LOAD tests/srai.o
LOAD tests/srl.o
LOAD tests/srli.o
LOAD tests/sub.o
LOAD tests/sw.o
LOAD tests/xor.o
LOAD tests/xori.o
LOAD /usr/lib/gcc/riscv64-unknown-elf/13.2.0/rv32im/ilp32/libgcc.a
OUTPUT(firmware/firmware.elf elf32-littleriscv)
