
icetime topological timing analysis report
==========================================

Info: max_span_hack is enabled: estimate is conservative.

Report for critical path:
-------------------------

        lc40_16_27_5 (LogicCell40) [clk] -> lcout: 1.491 ns
     1.491 ns net_63643 (soc.cpu.alu_out_0_q_SB_LUT4_I2_1_O_SB_LUT4_O_I3[0])
        t19183 (LocalMux) I -> O: 1.099 ns
        inmux_16_27_67523_67567 (InMux) I -> O: 0.662 ns
        lc40_16_27_4 (LogicCell40) in0 -> lcout: 1.285 ns
     4.537 ns net_63642 (soc.ram_ready_SB_LUT4_I0_I1_SB_LUT4_I1_O_SB_LUT4_O_I3[1])
        t19182 (LocalMux) I -> O: 1.099 ns
        inmux_17_28_71492_71512 (InMux) I -> O: 0.662 ns
        lc40_17_28_2 (LogicCell40) in3 -> lcout: 0.874 ns
     7.173 ns net_67594 (pll_locked_SB_LUT4_I0_O[2])
        odrv_17_28_67594_71333 (Odrv4) I -> O: 0.649 ns
        t20539 (Span4Mux_h4) I -> O: 0.543 ns
        t20538 (Span4Mux_h4) I -> O: 0.543 ns
        t20537 (Span4Mux_h4) I -> O: 0.543 ns
        t20536 (Span4Mux_h4) I -> O: 0.543 ns
        t20535 (LocalMux) I -> O: 1.099 ns
        inmux_2_29_14760_14796 (InMux) I -> O: 0.662 ns
        t359 (CascadeMux) I -> O: 0.000 ns
        lc40_2_29_1 (LogicCell40) in2 -> lcout: 1.205 ns
    12.960 ns net_10831 (soc.cpu_mem_la_read)
        odrv_2_29_10831_6345 (Odrv4) I -> O: 0.649 ns
        t5622 (Span4Mux_h4) I -> O: 0.543 ns
        t5621 (Span4Mux_h4) I -> O: 0.543 ns
        t5620 (Span4Mux_h4) I -> O: 0.543 ns
        t5619 (Span4Mux_v4) I -> O: 0.649 ns
        t5618 (LocalMux) I -> O: 1.099 ns
        inmux_16_27_67528_67555 (InMux) I -> O: 0.662 ns
        lc40_16_27_2 (LogicCell40) in0 -> lcout: 1.285 ns
    18.934 ns net_63640 (soc.ram_ready_SB_LUT4_I0_I1_SB_LUT4_I1_O_SB_LUT4_O_1_I0[3])
        t19175 (LocalMux) I -> O: 1.099 ns
        inmux_17_26_71236_71272 (InMux) I -> O: 0.662 ns
        lc40_17_26_3 (LogicCell40) in3 -> lcout: 0.874 ns
    21.569 ns net_67349 (soc.ram_ready_SB_LUT4_I0_I1_SB_LUT4_I1_O[3])
        odrv_17_26_67349_70961 (Odrv4) I -> O: 0.649 ns
        t20476 (Span4Mux_v4) I -> O: 0.649 ns
        t20475 (Span4Mux_v4) I -> O: 0.649 ns
        t20474 (Span4Mux_v4) I -> O: 0.649 ns
        t20473 (LocalMux) I -> O: 1.099 ns
        inmux_17_13_69649_69696 (InMux) I -> O: 0.662 ns
        t3047 (CascadeMux) I -> O: 0.000 ns
        lc40_17_13_7 (LogicCell40) in2 -> lcout: 1.205 ns
    27.132 ns net_65754 (soc.ram_ready_SB_LUT4_I0_O[3])
        odrv_17_13_65754_65778 (Odrv4) I -> O: 0.649 ns
        t19802 (Span4Mux_v4) I -> O: 0.649 ns
        t19801 (LocalMux) I -> O: 1.099 ns
        inmux_16_8_65201_65250 (InMux) I -> O: 0.662 ns
        t2827 (CascadeMux) I -> O: 0.000 ns
        lc40_16_8_7 (LogicCell40) in2 -> lcout: 1.205 ns
    31.397 ns net_61308 (soc.gen_icache.icache_inst.miss_rdata_SB_DFFESR_Q_26_D_SB_LUT4_O_I0[2])
        t18597 (LocalMux) I -> O: 1.099 ns
        inmux_16_8_65196_65219 (InMux) I -> O: 0.662 ns
        lc40_16_8_2 (LogicCell40) in1 -> lcout: 1.232 ns
    34.390 ns net_61303 (soc.gen_icache.icache_inst.miss_rdata_SB_DFFESR_Q_26_D[3])
        odrv_16_8_61303_65020 (Odrv12) I -> O: 1.232 ns
        t18599 (Span12Mux_h12) I -> O: 1.232 ns
        t18598 (LocalMux) I -> O: 1.099 ns
        inmux_18_18_74069_74117 (InMux) I -> O: 0.662 ns
        lc40_18_18_3 (LogicCell40) in1 -> lcout: 1.232 ns
    39.847 ns net_70196 (soc.gen_icache.icache_inst.data_array.0.2_RDATA_SB_LUT4_I0_O[3])
        odrv_18_18_70196_62671 (Odrv4) I -> O: 0.649 ns
        t20849 (Span4Mux_v4) I -> O: 0.649 ns
        t20848 (LocalMux) I -> O: 1.099 ns
        inmux_18_22_74573_74592 (InMux) I -> O: 0.662 ns
        t3255 (CascadeMux) I -> O: 0.000 ns
        lc40_18_22_0 (LogicCell40) in2 -> lcout: 1.205 ns
    44.112 ns net_70685 (soc.cpu.mem_rdata_q_SB_DFFE_Q_25_D_SB_LUT4_I3_O_SB_LUT4_O_I2[1])
        t20991 (LocalMux) I -> O: 1.099 ns
        inmux_18_23_74680_74713 (InMux) I -> O: 0.662 ns
        lc40_18_23_0 (LogicCell40) in0 -> lcout: 1.285 ns
    47.158 ns net_70808 (soc.cpu.instr_waitirq_SB_DFFE_Q_D_SB_LUT4_O_I3[1])
        t21029 (LocalMux) I -> O: 1.099 ns
        inmux_17_23_70873_70919 (InMux) I -> O: 0.662 ns
        lc40_17_23_6 (LogicCell40) in1 -> lcout: 1.232 ns
    50.151 ns net_66983 (soc.cpu.decoded_rs1_SB_DFFESS_Q_D_SB_LUT4_O_I2[1])
        t20068 (LocalMux) I -> O: 1.099 ns
        inmux_16_24_67147_67200 (InMux) I -> O: 0.662 ns
        t2914 (CascadeMux) I -> O: 0.000 ns
        lc40_16_24_4 (LogicCell40) in2 -> lcout: 1.205 ns
    53.118 ns net_63273 (soc.cpu.decoded_rs1_SB_DFFESR_Q_2_D_SB_LUT4_I3_O[1])
        t19083 (LocalMux) I -> O: 1.099 ns
        inmux_15_25_63445_63496 (InMux) I -> O: 0.662 ns
        lc40_15_25_5 (LogicCell40) in0 -> lcout: 1.285 ns
    56.164 ns net_59567 (soc.cpu.cpuregs.regs.1.0_RDATA_1_SB_DFF_Q_D_SB_LUT4_O_I0_SB_LUT4_O_I3[3])
        t18227 (LocalMux) I -> O: 1.099 ns
        inmux_15_24_63315_63356 (InMux) I -> O: 0.662 ns
        lc40_15_24_2 (LogicCell40) in1 -> lcout: 1.232 ns
    59.157 ns net_59441 (soc.cpu.cpuregs.regs.1.0_RDATA_1_SB_DFF_Q_D_SB_LUT4_O_I0[2])
        odrv_15_24_59441_51914 (Odrv4) I -> O: 0.649 ns
        t18195 (Span4Mux_v4) I -> O: 0.649 ns
        t18194 (LocalMux) I -> O: 1.099 ns
        inmux_12_22_51595_51632 (InMux) I -> O: 0.662 ns
        t2186 (CascadeMux) I -> O: 0.000 ns
    62.217 ns net_51632_cascademuxed
        lc40_12_22_4 (LogicCell40) in2 [setup]: 0.861 ns
    63.078 ns net_47705 (soc.cpu.cpuregs.regs.1.0_RDATA[1])

Resolvable net names on path:
     1.491 ns ..  3.252 ns soc.cpu.alu_out_0_q_SB_LUT4_I2_1_O_SB_LUT4_O_I3[0]
     4.537 ns ..  6.298 ns soc.ram_ready_SB_LUT4_I0_I1_SB_LUT4_I1_O_SB_LUT4_O_I3[1]
     7.173 ns .. 11.755 ns pll_locked_SB_LUT4_I0_O[2]
    12.960 ns .. 17.649 ns soc.cpu_mem_la_read
    18.934 ns .. 20.695 ns soc.ram_ready_SB_LUT4_I0_I1_SB_LUT4_I1_O_SB_LUT4_O_1_I0[3]
    21.569 ns .. 25.927 ns soc.ram_ready_SB_LUT4_I0_I1_SB_LUT4_I1_O[3]
    27.132 ns .. 30.192 ns soc.ram_ready_SB_LUT4_I0_O[3]
    31.397 ns .. 33.158 ns soc.gen_icache.icache_inst.miss_rdata_SB_DFFESR_Q_26_D_SB_LUT4_O_I0[2]
    34.390 ns .. 38.615 ns soc.gen_icache.icache_inst.miss_rdata_SB_DFFESR_Q_26_D[3]
    39.847 ns .. 42.906 ns soc.gen_icache.icache_inst.data_array.0.2_RDATA_SB_LUT4_I0_O[3]
    44.112 ns .. 45.873 ns soc.cpu.mem_rdata_q_SB_DFFE_Q_25_D_SB_LUT4_I3_O_SB_LUT4_O_I2[1]
    47.158 ns .. 48.919 ns soc.cpu.instr_waitirq_SB_DFFE_Q_D_SB_LUT4_O_I3[1]
    50.151 ns .. 51.913 ns soc.cpu.decoded_rs1_SB_DFFESS_Q_D_SB_LUT4_O_I2[1]
    53.118 ns .. 54.879 ns soc.cpu.decoded_rs1_SB_DFFESR_Q_2_D_SB_LUT4_I3_O[1]
    56.164 ns .. 57.926 ns soc.cpu.cpuregs.regs.1.0_RDATA_1_SB_DFF_Q_D_SB_LUT4_O_I0_SB_LUT4_O_I3[3]
    59.157 ns .. 62.217 ns soc.cpu.cpuregs.regs.1.0_RDATA_1_SB_DFF_Q_D_SB_LUT4_O_I0[2]
                  lcout -> soc.cpu.cpuregs.regs.1.0_RDATA[1]

Total number of logic levels: 16
Total path delay: 63.08 ns (15.85 MHz)

