
icetime topological timing analysis report
==========================================

Info: max_span_hack is enabled: estimate is conservative.

Report for critical path:
-------------------------

        lc40_24_25_4 (LogicCell40) [clk] -> lcout: 1.491 ns
     1.491 ns net_93413 (iomem_addr[7])
        odrv_24_25_93413_89713 (Odrv4) I -> O: 0.649 ns
        t26077 (Span4Mux_v4) I -> O: 0.649 ns
        t26076 (Span4Mux_v4) I -> O: 0.649 ns
        t26075 (Span4Mux_v4) I -> O: 0.649 ns
        t26074 (Span4Mux_v4) I -> O: 0.649 ns
        t26084 (Span4Mux_v4) I -> O: 0.649 ns
        t26083 (LocalMux) I -> O: 1.099 ns
        inmux_22_8_87542_87598 (InMux) I -> O: 0.662 ns
        lc40_22_8_6 (LogicCell40) in1 -> lcout: 1.232 ns
     8.378 ns net_83662 (soc.cpu.mem_instr_SB_LUT4_I2_O_SB_LUT4_O_I2_SB_LUT4_O_I2_SB_LUT4_O_1_I1_SB_LUT4_O_2_I2_SB_LUT4_O_I2[1])
        odrv_22_8_83662_87643 (Odrv4) I -> O: 0.649 ns
        t23484 (Span4Mux_v4) I -> O: 0.649 ns
        t23483 (LocalMux) I -> O: 1.099 ns
        inmux_23_14_92110_92149 (InMux) I -> O: 0.662 ns
        lc40_23_14_3 (LogicCell40) in1 -> lcout: 1.232 ns
    12.669 ns net_88228 (soc.gen_icache.icache_inst.valid_array_SB_DFFESR_Q_63_D_SB_LUT4_O_I3_SB_LUT4_O_I3[0])
        t24569 (LocalMux) I -> O: 1.099 ns
        inmux_23_15_92231_92284 (InMux) I -> O: 0.662 ns
        lc40_23_15_5 (LogicCell40) in1 -> lcout: 1.232 ns
    15.662 ns net_88353 (iomem_ready_SB_LUT4_I2_I3[2])
        t24790 (LocalMux) I -> O: 1.099 ns
        inmux_22_16_88517_88584 (InMux) I -> O: 0.662 ns
        lc40_22_16_6 (LogicCell40) in3 -> lcout: 0.874 ns
    18.298 ns net_84646 (iomem_ready_SB_LUT4_I1_O_SB_LUT4_O_I2[1])
        odrv_22_16_84646_84541 (Odrv4) I -> O: 0.649 ns
        t23638 (Span4Mux_h4) I -> O: 0.543 ns
        t23640 (Span4Mux_v4) I -> O: 0.649 ns
        t23639 (LocalMux) I -> O: 1.099 ns
        inmux_17_13_69628_69659 (InMux) I -> O: 0.662 ns
        lc40_17_13_1 (LogicCell40) in1 -> lcout: 1.232 ns
    23.132 ns net_65748 (soc.ram_ready_SB_LUT4_I0_O[3])
        t19262 (LocalMux) I -> O: 1.099 ns
        inmux_16_12_65682_65713 (InMux) I -> O: 0.662 ns
        lc40_16_12_2 (LogicCell40) in3 -> lcout: 0.874 ns
    25.768 ns net_61795 (soc.simpleuart.send_dummy_SB_LUT4_I2_1_O[2])
        t18340 (LocalMux) I -> O: 1.099 ns
        inmux_17_13_69637_69676 (InMux) I -> O: 0.662 ns
        lc40_17_13_4 (LogicCell40) in0 -> lcout: 1.285 ns
    28.814 ns net_65751 (iomem_ready_SB_LUT4_I1_O[3])
        t19267 (LocalMux) I -> O: 1.099 ns
        inmux_18_14_73601_73643 (InMux) I -> O: 0.662 ns
        lc40_18_14_6 (LogicCell40) in1 -> lcout: 1.232 ns
    31.807 ns net_69707 (soc.ram_ready_SB_LUT4_I0_1_O[3])
        odrv_18_14_69707_69856 (Odrv4) I -> O: 0.649 ns
        t20566 (Span4Mux_h4) I -> O: 0.543 ns
        t20565 (Span4Mux_v4) I -> O: 0.649 ns
        t20564 (LocalMux) I -> O: 1.099 ns
        inmux_21_20_85202_85218 (InMux) I -> O: 0.662 ns
        lc40_21_20_2 (LogicCell40) in0 -> lcout: 1.285 ns
    36.695 ns net_81303 (soc.cpu.mem_instr_SB_LUT4_I1_O_SB_LUT4_I1_O[1])
        odrv_21_20_81303_81210 (Odrv4) I -> O: 0.649 ns
        t23095 (Span4Mux_h4) I -> O: 0.543 ns
        t23094 (Span4Mux_v4) I -> O: 0.649 ns
        t23093 (LocalMux) I -> O: 1.099 ns
        inmux_17_25_71103_71160 (InMux) I -> O: 0.662 ns
        t3071 (CascadeMux) I -> O: 0.000 ns
        lc40_17_25_5 (LogicCell40) in2 -> lcout: 1.205 ns
    41.502 ns net_67228 (soc.cpu.mem_rdata_q_SB_DFFE_Q_13_D[1])
        t19716 (LocalMux) I -> O: 1.099 ns
        inmux_16_26_67400_67444 (InMux) I -> O: 0.662 ns
        lc40_16_26_4 (LogicCell40) in0 -> lcout: 1.285 ns
    44.549 ns net_63519 (soc.cpu.mem_valid_SB_DFFESR_Q_E_SB_LUT4_O_I0_SB_LUT4_I3_1_O[2])
        odrv_16_26_63519_55997 (Odrv4) I -> O: 0.649 ns
        t18817 (Span4Mux_h4) I -> O: 0.543 ns
        t18819 (Span4Mux_v4) I -> O: 0.649 ns
        t18818 (LocalMux) I -> O: 1.099 ns
        inmux_9_27_40715_40764 (InMux) I -> O: 0.662 ns
        lc40_9_27_6 (LogicCell40) in0 -> lcout: 1.285 ns
    49.436 ns net_36829 (soc.cpu.cpu_state_SB_DFF_Q_3_D_SB_LUT4_O_I2_SB_LUT4_O_I3[1])
        t11937 (LocalMux) I -> O: 1.099 ns
        inmux_9_28_40832_40881 (InMux) I -> O: 0.662 ns
        lc40_9_28_5 (LogicCell40) in0 -> lcout: 1.285 ns
    52.482 ns net_36951 (soc.cpu.cpu_state_SB_DFF_Q_3_D_SB_LUT4_O_I2_SB_LUT4_O_I3_SB_LUT4_I3_1_O[1])
        odrv_9_28_36951_37078 (Odrv12) I -> O: 1.232 ns
        t11974 (LocalMux) I -> O: 1.099 ns
        inmux_17_28_71474_71510 (InMux) I -> O: 0.662 ns
        lc40_17_28_2 (LogicCell40) in1 -> lcout: 1.232 ns
    56.707 ns net_67594 (soc.cpu.cpu_state_SB_DFF_Q_3_D_SB_LUT4_O_I2_SB_LUT4_O_I3_SB_LUT4_I3_1_O_SB_LUT4_I3_O)
        odrv_17_28_67594_67375 (Odrv4) I -> O: 0.649 ns
        t20038 (Span4Mux_h4) I -> O: 0.543 ns
        t20037 (Span4Mux_h4) I -> O: 0.543 ns
        t20036 (Span4Mux_h4) I -> O: 0.543 ns
        t20035 (LocalMux) I -> O: 1.099 ns
        inmux_7_24_32686_32742 (InMux) I -> O: 0.662 ns
        lc40_7_24_7 (LogicCell40) in3 -> lcout: 0.874 ns
    61.621 ns net_28916 (soc.cpu.cpuregs.regs.0.0_RADDR_1)
        odrv_7_24_28916_28863 (Odrv4) I -> O: 0.649 ns
        t9572 (Span4Mux_h4) I -> O: 0.543 ns
        t9571 (LocalMux) I -> O: 1.099 ns
        inmux_6_21_28701_28721 (InMux) I -> O: 0.662 ns
        t951 (CascadeMux) I -> O: 0.000 ns
    64.574 ns net_28721_cascademuxed
        ram_6_21 (SB_RAM40_4K) RADDR[0] [setup]: 0.384 ns
    64.959 ns net_25229 (soc.cpu.cpuregs.regs.0.0_RDATA_6[3])

Resolvable net names on path:
     1.491 ns ..  7.146 ns iomem_addr[7]
     8.378 ns .. 11.437 ns soc.cpu.mem_instr_SB_LUT4_I2_O_SB_LUT4_O_I2_SB_LUT4_O_I2_SB_LUT4_O_1_I1_SB_LUT4_O_2_I2_SB_LUT4_O_I2[1]
    12.669 ns .. 14.431 ns soc.gen_icache.icache_inst.valid_array_SB_DFFESR_Q_63_D_SB_LUT4_O_I3_SB_LUT4_O_I3[0]
    15.662 ns .. 17.424 ns iomem_ready_SB_LUT4_I2_I3[2]
    18.298 ns .. 21.901 ns iomem_ready_SB_LUT4_I1_O_SB_LUT4_O_I2[1]
    23.132 ns .. 24.894 ns soc.ram_ready_SB_LUT4_I0_O[3]
    25.768 ns .. 27.529 ns soc.simpleuart.send_dummy_SB_LUT4_I2_1_O[2]
    28.814 ns .. 30.576 ns iomem_ready_SB_LUT4_I1_O[3]
    31.807 ns .. 35.410 ns soc.ram_ready_SB_LUT4_I0_1_O[3]
    36.695 ns .. 40.297 ns soc.cpu.mem_instr_SB_LUT4_I1_O_SB_LUT4_I1_O[1]
    41.502 ns .. 43.264 ns soc.cpu.mem_rdata_q_SB_DFFE_Q_13_D[1]
    44.549 ns .. 48.151 ns soc.cpu.mem_valid_SB_DFFESR_Q_E_SB_LUT4_O_I0_SB_LUT4_I3_1_O[2]
    49.436 ns .. 51.197 ns soc.cpu.cpu_state_SB_DFF_Q_3_D_SB_LUT4_O_I2_SB_LUT4_O_I3[1]
    52.482 ns .. 55.475 ns soc.cpu.cpu_state_SB_DFF_Q_3_D_SB_LUT4_O_I2_SB_LUT4_O_I3_SB_LUT4_I3_1_O[1]
    56.707 ns .. 60.747 ns soc.cpu.cpu_state_SB_DFF_Q_3_D_SB_LUT4_O_I2_SB_LUT4_O_I3_SB_LUT4_I3_1_O_SB_LUT4_I3_O
    61.621 ns .. 64.574 ns soc.cpu.cpuregs.regs.0.0_RADDR_1
               RDATA[0] -> soc.cpu.cpuregs.regs.0.0_RDATA_15[3]
              RDATA[10] -> soc.cpu.cpuregs.regs.0.0_RDATA_5[3]
              RDATA[11] -> soc.cpu.cpuregs.regs.0.0_RDATA_4[3]
              RDATA[12] -> soc.cpu.cpuregs.regs.0.0_RDATA_3[3]
              RDATA[13] -> soc.cpu.cpuregs.regs.0.0_RDATA_2[3]
              RDATA[14] -> soc.cpu.cpuregs.regs.0.0_RDATA_1[3]
              RDATA[15] -> soc.cpu.cpuregs.regs.0.0_RDATA[3]
               RDATA[1] -> soc.cpu.cpuregs.regs.0.0_RDATA_14[3]
               RDATA[2] -> soc.cpu.cpuregs.regs.0.0_RDATA_13[3]
               RDATA[3] -> soc.cpu.cpuregs.regs.0.0_RDATA_12[3]
               RDATA[4] -> soc.cpu.cpuregs.regs.0.0_RDATA_11[3]
               RDATA[5] -> soc.cpu.cpuregs.regs.0.0_RDATA_10[3]
               RDATA[6] -> soc.cpu.cpuregs.regs.0.0_RDATA_9[3]
               RDATA[7] -> soc.cpu.cpuregs.regs.0.0_RDATA_8[3]
               RDATA[8] -> soc.cpu.cpuregs.regs.0.0_RDATA_7[3]
               RDATA[9] -> soc.cpu.cpuregs.regs.0.0_RDATA_6[3]

Total number of logic levels: 16
Total path delay: 64.96 ns (15.39 MHz)

